#
# There is insufficient memory for the Java Runtime Environment to continue.
# Native memory allocation (malloc) failed to allocate 308656 bytes. Error detail: Chunk::new
# Possible reasons:
#   The system is out of physical RAM or swap space
#   This process is running with CompressedOops enabled, and the Java Heap may be blocking the growth of the native heap
# Possible solutions:
#   Reduce memory load on the system
#   Increase physical memory or swap space
#   Check if swap backing store is full
#   Decrease Java heap size (-Xmx/-Xms)
#   Decrease number of Java threads
#   Decrease Java thread stack sizes (-Xss)
#   Set larger code cache with -XX:ReservedCodeCacheSize=
#   JVM is running with Unscaled Compressed Oops mode in which the Java heap is
#     placed in the first 4GB address space. The Java Heap base address is the
#     maximum limit for the native heap growth. Please use -XX:HeapBaseMinAddress
#     to set the Java Heap base and to place the Java Heap above 4GB virtual address.
# This output file may be truncated or incomplete.
#
#  Out of Memory Error (arena.cpp:168), pid=2336, tid=28228
#
# JRE version: OpenJDK Runtime Environment Temurin-21.0.11+10 (21.0.11+10) (build 21.0.11+10-LTS)
# Java VM: OpenJDK 64-Bit Server VM Temurin-21.0.11+10 (21.0.11+10-LTS, mixed mode, sharing, tiered, compressed oops, compressed class ptrs, parallel gc, windows-amd64)
# No core dump will be written. Minidumps are not enabled by default on client versions of Windows
#

---------------  S U M M A R Y ------------

Command Line: --add-modules=ALL-SYSTEM --add-opens=java.base/java.util=ALL-UNNAMED --add-opens=java.base/java.lang=ALL-UNNAMED --add-opens=java.base/sun.nio.fs=ALL-UNNAMED -Declipse.application=org.eclipse.jdt.ls.core.id1 -Dosgi.bundles.defaultStartLevel=4 -Declipse.product=org.eclipse.jdt.ls.core.product -Djava.import.generatesMetadataFilesAtProjectRoot=false -DDetectVMInstallationsJob.disabled=true -Dfile.encoding=utf8 -XX:+UseParallelGC -XX:GCTimeRatio=4 -XX:AdaptiveSizePolicyWeight=90 -Dsun.zip.disableMemoryMapping=true -Xmx2G -Xms100m -Xlog:disable -javaagent:c:\Users\ashok\.vscode\extensions\redhat.java-1.55.0-win32-x64\lombok\lombok-1.18.39-4050.jar c:\Users\ashok\.vscode\extensions\redhat.java-1.55.0-win32-x64\server\plugins\org.eclipse.equinox.launcher_1.7.200.v20260619-2039.jar -configuration c:\Users\ashok\AppData\Roaming\Code\User\globalStorage\redhat.java\1.55.0\config_ss_win -data c:\Users\ashok\AppData\Roaming\Code\User\workspaceStorage\f49809eafe7ac7954cc2c2667eb9384f\redhat.java\ss_ws --pipe=\\.\pipe\lsp-6d64de1eb638c367bc0c53a5ae08b2e0-sock

Host: 11th Gen Intel(R) Core(TM) i5-1135G7 @ 2.40GHz, 8 cores, 7G,  Windows 11 , 64 bit Build 26100 (10.0.26100.8972)
Time: Wed Aug  5 18:45:04 2026 India Standard Time elapsed time: 4.153914 seconds (0d 0h 0m 4s)

---------------  T H R E A D  ---------------

Current thread (0x0000025f23002810):  JavaThread "C2 CompilerThread0" daemon [_thread_in_native, id=28228, stack(0x000000a3e4600000,0x000000a3e4700000) (1024K)]


Current CompileTask:
C2:4153  810       4       lombok.patcher.PatchScript::classMatches (41 bytes)

Stack: [0x000000a3e4600000,0x000000a3e4700000]
Native frames: (J=compiled Java code, j=interpreted, Vv=VM code, C=native code)
V  [jvm.dll+0x6d7e19]
V  [jvm.dll+0x8b5096]
V  [jvm.dll+0x8b764e]
V  [jvm.dll+0x8b7d33]
V  [jvm.dll+0x284596]
V  [jvm.dll+0xc685d]
V  [jvm.dll+0xc6da1]
V  [jvm.dll+0x2fb4ee]
V  [jvm.dll+0x5fe9a4]
V  [jvm.dll+0x255d67]
V  [jvm.dll+0x25612d]
V  [jvm.dll+0x24e6a0]
V  [jvm.dll+0x24bbe6]
V  [jvm.dll+0x1cb4ae]
V  [jvm.dll+0x25baad]
V  [jvm.dll+0x25a03a]
V  [jvm.dll+0x3f868e]
V  [jvm.dll+0x85fb0d]
V  [jvm.dll+0x6d664d]
C  [ucrtbase.dll+0x2cd30]
C  [KERNEL32.DLL+0x2ccb7]
C  [ntdll.dll+0xaad6c]


---------------  P R O C E S S  ---------------

Threads class SMR info:
_java_thread_list=0x0000025f7c596c10, length=11, elements={
0x0000025f2306de40, 0x0000025f22fdee00, 0x0000025f22fe0d30, 0x0000025f22fe6fd0,
0x0000025f22febe10, 0x0000025f22fed9e0, 0x0000025f22ff16f0, 0x0000025f23002810,
0x0000025f22ff7450, 0x0000025f7c5af7c0, 0x0000025f7c67a240
}

Java Threads: ( => current thread )
  0x0000025f2306de40 JavaThread "main"                              [_thread_in_Java, id=26148, stack(0x000000a3e3c00000,0x000000a3e3d00000) (1024K)]
  0x0000025f22fdee00 JavaThread "Reference Handler"          daemon [_thread_blocked, id=24156, stack(0x000000a3e4000000,0x000000a3e4100000) (1024K)]
  0x0000025f22fe0d30 JavaThread "Finalizer"                  daemon [_thread_blocked, id=18724, stack(0x000000a3e4100000,0x000000a3e4200000) (1024K)]
  0x0000025f22fe6fd0 JavaThread "Signal Dispatcher"          daemon [_thread_blocked, id=26264, stack(0x000000a3e4200000,0x000000a3e4300000) (1024K)]
  0x0000025f22febe10 JavaThread "Attach Listener"            daemon [_thread_blocked, id=11084, stack(0x000000a3e4300000,0x000000a3e4400000) (1024K)]
  0x0000025f22fed9e0 JavaThread "Service Thread"             daemon [_thread_blocked, id=13068, stack(0x000000a3e4400000,0x000000a3e4500000) (1024K)]
  0x0000025f22ff16f0 JavaThread "Monitor Deflation Thread"   daemon [_thread_blocked, id=19368, stack(0x000000a3e4500000,0x000000a3e4600000) (1024K)]
=>0x0000025f23002810 JavaThread "C2 CompilerThread0"         daemon [_thread_in_native, id=28228, stack(0x000000a3e4600000,0x000000a3e4700000) (1024K)]
  0x0000025f22ff7450 JavaThread "C1 CompilerThread0"         daemon [_thread_in_native, id=28240, stack(0x000000a3e4700000,0x000000a3e4800000) (1024K)]
  0x0000025f7c5af7c0 JavaThread "Common-Cleaner"             daemon [_thread_blocked, id=27620, stack(0x000000a3e4800000,0x000000a3e4900000) (1024K)]
  0x0000025f7c67a240 JavaThread "Notification Thread"        daemon [_thread_blocked, id=11940, stack(0x000000a3e4900000,0x000000a3e4a00000) (1024K)]
Total: 11

Other Threads:
  0x0000025f22fc25f0 VMThread "VM Thread"                           [id=1588, stack(0x000000a3e3f00000,0x000000a3e4000000) (1024K)]
  0x0000025f22efc950 WatcherThread "VM Periodic Task Thread"        [id=16716, stack(0x000000a3e3e00000,0x000000a3e3f00000) (1024K)]
  0x0000025f2308c8c0 WorkerThread "GC Thread#0"                     [id=11972, stack(0x000000a3e3d00000,0x000000a3e3e00000) (1024K)]
Total: 3

Threads with active compile tasks:
C2 CompilerThread0  4202  810       4       lombok.patcher.PatchScript::classMatches (41 bytes)
C1 CompilerThread0  4202  932       3       java.util.HashMap::<init> (8 bytes)
Total: 2

VM state: not at safepoint (normal execution)

VM Mutex/Monitor currently owned by a thread: None

Heap address: 0x0000000080000000, size: 2048 MB, Compressed Oops mode: 32-bit

CDS archive(s) mapped at: [0x0000025f3a000000-0x0000025f3aba0000-0x0000025f3aba0000), size 12189696, SharedBaseAddress: 0x0000025f3a000000, ArchiveRelocationMode: 1.
Compressed class space mapped at: 0x0000025f3b000000-0x0000025f7b000000, reserved size: 1073741824
Narrow klass base: 0x0000025f3a000000, Narrow klass shift: 0, Narrow klass range: 0x100000000

GC Precious Log:
 CardTable entry size: 512
 CPUs: 8 total, 8 available
 Memory: 7926M
 Large Page Support: Disabled
 NUMA Support: Disabled
 Compressed Oops: Enabled (32-bit)
 Alignments: Space 512K, Generation 512K, Heap 2M
 Heap Min Capacity: 100M
 Heap Initial Capacity: 100M
 Heap Max Capacity: 2G
 Pre-touch: Disabled
 Parallel Workers: 8

Heap:
 PSYoungGen      total 29696K, used 19484K [0x00000000d5580000, 0x00000000d7680000, 0x0000000100000000)
  eden space 25600K, 76% used [0x00000000d5580000,0x00000000d6887068,0x00000000d6e80000)
  from space 4096K, 0% used [0x00000000d7280000,0x00000000d7280000,0x00000000d7680000)
  to   space 4096K, 0% used [0x00000000d6e80000,0x00000000d6e80000,0x00000000d7280000)
 ParOldGen       total 68608K, used 0K [0x0000000080000000, 0x0000000084300000, 0x00000000d5580000)
  object space 68608K, 0% used [0x0000000080000000,0x0000000080000000,0x0000000084300000)
 Metaspace       used 3554K, committed 3776K, reserved 1114112K
  class space    used 390K, committed 512K, reserved 1048576K

Card table byte_map: [0x0000025f22a10000,0x0000025f22e20000] _byte_map_base: 0x0000025f22610000

Marking Bits: (ParMarkBitMap*) 0x00007ffb23d24460
 Begin Bits: [0x0000025f35520000, 0x0000025f37520000)
 End Bits:   [0x0000025f37520000, 0x0000025f39520000)

Polling page: 0x0000025f20e30000

Metaspace:

Usage:
  Non-class:      3.09 MB used.
      Class:    390.74 KB used.
       Both:      3.47 MB used.

Virtual space:
  Non-class space:       64.00 MB reserved,       3.19 MB (  5%) committed,  1 nodes.
      Class space:        1.00 GB reserved,     512.00 KB ( <1%) committed,  1 nodes.
             Both:        1.06 GB reserved,       3.69 MB ( <1%) committed. 

Chunk freelists:
   Non-Class:  11.45 MB
       Class:  15.47 MB
        Both:  26.93 MB

MaxMetaspaceSize: unlimited
CompressedClassSpaceSize: 1.00 GB
Initial GC threshold: 21.00 MB
Current GC threshold: 21.00 MB
CDS: on
 - commit_granule_bytes: 65536.
 - commit_granule_words: 8192.
 - virtual_space_node_default_size: 8388608.
 - enlarge_chunks_in_place: 1.
 - use_allocation_guard: 0.


Internal statistics:

num_allocs_failed_limit: 0.
num_arena_births: 170.
num_arena_deaths: 0.
num_vsnodes_births: 2.
num_vsnodes_deaths: 0.
num_space_committed: 59.
num_space_uncommitted: 0.
num_chunks_returned_to_freelist: 0.
num_chunks_taken_from_freelist: 215.
num_chunk_merges: 0.
num_chunk_splits: 140.
num_chunks_enlarged: 77.
num_inconsistent_stats: 0.

CodeHeap 'non-profiled nmethods': size=120000Kb used=335Kb max_used=335Kb free=119664Kb
 bounds [0x0000025f2dd40000, 0x0000025f2dfb0000, 0x0000025f35270000]
CodeHeap 'profiled nmethods': size=120000Kb used=1458Kb max_used=1458Kb free=118541Kb
 bounds [0x0000025f26270000, 0x0000025f264e0000, 0x0000025f2d7a0000]
CodeHeap 'non-nmethods': size=5760Kb used=1200Kb max_used=1213Kb free=4559Kb
 bounds [0x0000025f2d7a0000, 0x0000025f2da10000, 0x0000025f2dd40000]
CodeCache: size=245760Kb, used=2993Kb, max_used=3006Kb, free=242764Kb
 total_blobs=1383, nmethods=933, adapters=357, full_count=0
Compilation: enabled, stopped_count=0, restarted_count=0

Compilation events (20 events):
Event: 2.117 Thread 0x0000025f22ff7450  893       3       java.lang.invoke.MethodHandles$Lookup::isClassAccessible (53 bytes)
Event: 2.118 Thread 0x0000025f22ff7450 nmethod 893 0x0000025f263c3210 code [0x0000025f263c3420, 0x0000025f263c39c0]
Event: 2.121 Thread 0x0000025f22ff7450  895       3       java.lang.invoke.DirectMethodHandle::internalMemberName (8 bytes)
Event: 2.121 Thread 0x0000025f22ff7450 nmethod 895 0x0000025f263c3c10 code [0x0000025f263c3dc0, 0x0000025f263c3fa8]
Event: 2.121 Thread 0x0000025f22ff7450  896       3       java.lang.StringConcatHelper::prepend (37 bytes)
Event: 2.121 Thread 0x0000025f22ff7450 nmethod 896 0x0000025f263c4090 code [0x0000025f263c4260, 0x0000025f263c4520]
Event: 2.121 Thread 0x0000025f22ff7450  897       3       java.lang.StringConcatHelper::newString (67 bytes)
Event: 2.122 Thread 0x0000025f22ff7450 nmethod 897 0x0000025f263c4690 code [0x0000025f263c4900, 0x0000025f263c5228]
Event: 2.122 Thread 0x0000025f22ff7450  900       3       java.util.StringTokenizer::setMaxDelimCodePoint (156 bytes)
Event: 2.122 Thread 0x0000025f22ff7450 nmethod 900 0x0000025f263c5590 code [0x0000025f263c5800, 0x0000025f263c6468]
Event: 2.122 Thread 0x0000025f22ff7450  898       3       java.lang.invoke.Invokers$Holder::linkToTargetMethod (9 bytes)
Event: 2.123 Thread 0x0000025f22ff7450 nmethod 898 0x0000025f263c6990 code [0x0000025f263c6b60, 0x0000025f263c6f38]
Event: 2.123 Thread 0x0000025f22ff7450  899       3       java.util.StringTokenizer::<init> (52 bytes)
Event: 2.123 Thread 0x0000025f22ff7450 nmethod 899 0x0000025f263c7010 code [0x0000025f263c71e0, 0x0000025f263c74d0]
Event: 2.124 Thread 0x0000025f22ff7450  902       3       java.lang.invoke.MethodHandles$Lookup::checkAccess (200 bytes)
Event: 2.125 Thread 0x0000025f22ff7450 nmethod 902 0x0000025f263c7690 code [0x0000025f263c7940, 0x0000025f263c8428]
Event: 2.125 Thread 0x0000025f22ff7450  905       3       java.util.stream.ReferencePipeline$3$1::accept (23 bytes)
Event: 2.126 Thread 0x0000025f22ff7450 nmethod 905 0x0000025f263c8790 code [0x0000025f263c8960, 0x0000025f263c8c20]
Event: 2.126 Thread 0x0000025f22ff7450  903       1       jdk.internal.org.objectweb.asm.SymbolTable::getConstantPoolCount (5 bytes)
Event: 2.126 Thread 0x0000025f22ff7450 nmethod 903 0x0000025f2dd93090 code [0x0000025f2dd93220, 0x0000025f2dd932e8]

GC Heap History (0 events):
No events

Dll operation events (8 events):
Event: 0.022 Loaded shared library c:\Users\ashok\.vscode\extensions\redhat.java-1.55.0-win32-x64\jre\21.0.11-win32-x86_64\bin\java.dll
Event: 0.140 Loaded shared library c:\Users\ashok\.vscode\extensions\redhat.java-1.55.0-win32-x64\jre\21.0.11-win32-x86_64\bin\zip.dll
Event: 0.175 Loaded shared library C:\Users\ashok\.vscode\extensions\redhat.java-1.55.0-win32-x64\jre\21.0.11-win32-x86_64\bin\instrument.dll
Event: 0.183 Loaded shared library C:\Users\ashok\.vscode\extensions\redhat.java-1.55.0-win32-x64\jre\21.0.11-win32-x86_64\bin\net.dll
Event: 0.189 Loaded shared library C:\Users\ashok\.vscode\extensions\redhat.java-1.55.0-win32-x64\jre\21.0.11-win32-x86_64\bin\nio.dll
Event: 0.194 Loaded shared library C:\Users\ashok\.vscode\extensions\redhat.java-1.55.0-win32-x64\jre\21.0.11-win32-x86_64\bin\zip.dll
Event: 0.248 Loaded shared library C:\Users\ashok\.vscode\extensions\redhat.java-1.55.0-win32-x64\jre\21.0.11-win32-x86_64\bin\jimage.dll
Event: 0.370 Loaded shared library c:\Users\ashok\.vscode\extensions\redhat.java-1.55.0-win32-x64\jre\21.0.11-win32-x86_64\bin\verify.dll

Deoptimization events (20 events):
Event: 2.003 Thread 0x0000025f2306de40 Uncommon trap: trap_request=0xffffffde fr.pc=0x0000025f2dd4fa78 relative=0x0000000000000918
Event: 2.003 Thread 0x0000025f2306de40 Uncommon trap: reason=class_check action=maybe_recompile pc=0x0000025f2dd4fa78 method=java.util.HashMap.putVal(ILjava/lang/Object;Ljava/lang/Object;ZZ)Ljava/lang/Object; @ 91 c2
Event: 2.003 Thread 0x0000025f2306de40 DEOPT PACKING pc=0x0000025f2dd4fa78 sp=0x000000a3e3cfdf00
Event: 2.003 Thread 0x0000025f2306de40 DEOPT UNPACKING pc=0x0000025f2d7f6da2 sp=0x000000a3e3cfde90 mode 2
Event: 2.004 Thread 0x0000025f2306de40 Uncommon trap: trap_request=0xffffffde fr.pc=0x0000025f2dd4fa78 relative=0x0000000000000918
Event: 2.004 Thread 0x0000025f2306de40 Uncommon trap: reason=class_check action=maybe_recompile pc=0x0000025f2dd4fa78 method=java.util.HashMap.putVal(ILjava/lang/Object;Ljava/lang/Object;ZZ)Ljava/lang/Object; @ 91 c2
Event: 2.004 Thread 0x0000025f2306de40 DEOPT PACKING pc=0x0000025f2dd4fa78 sp=0x000000a3e3cfdf00
Event: 2.004 Thread 0x0000025f2306de40 DEOPT UNPACKING pc=0x0000025f2d7f6da2 sp=0x000000a3e3cfde90 mode 2
Event: 2.068 Thread 0x0000025f2306de40 Uncommon trap: trap_request=0xffffff45 fr.pc=0x0000025f2dd868ac relative=0x000000000000008c
Event: 2.068 Thread 0x0000025f2306de40 Uncommon trap: reason=unstable_if action=reinterpret pc=0x0000025f2dd868ac method=jdk.internal.misc.Unsafe.convEndian(ZI)I @ 4 c2
Event: 2.068 Thread 0x0000025f2306de40 DEOPT PACKING pc=0x0000025f2dd868ac sp=0x000000a3e3cfdc10
Event: 2.068 Thread 0x0000025f2306de40 DEOPT UNPACKING pc=0x0000025f2d7f6da2 sp=0x000000a3e3cfdb40 mode 2
Event: 2.072 Thread 0x0000025f2306de40 Uncommon trap: trap_request=0xffffff45 fr.pc=0x0000025f2dd741bc relative=0x000000000000065c
Event: 2.072 Thread 0x0000025f2306de40 Uncommon trap: reason=unstable_if action=reinterpret pc=0x0000025f2dd741bc method=java.lang.AbstractStringBuilder.append(Ljava/lang/String;)Ljava/lang/AbstractStringBuilder; @ 1 c2
Event: 2.072 Thread 0x0000025f2306de40 DEOPT PACKING pc=0x0000025f2dd741bc sp=0x000000a3e3cfdf70
Event: 2.072 Thread 0x0000025f2306de40 DEOPT UNPACKING pc=0x0000025f2d7f6da2 sp=0x000000a3e3cfdf00 mode 2
Event: 2.072 Thread 0x0000025f2306de40 Uncommon trap: trap_request=0xffffff45 fr.pc=0x0000025f2dd75430 relative=0x0000000000000650
Event: 2.072 Thread 0x0000025f2306de40 Uncommon trap: reason=unstable_if action=reinterpret pc=0x0000025f2dd75430 method=java.lang.AbstractStringBuilder.append(Ljava/lang/String;)Ljava/lang/AbstractStringBuilder; @ 1 c2
Event: 2.073 Thread 0x0000025f2306de40 DEOPT PACKING pc=0x0000025f2dd75430 sp=0x000000a3e3cfdf20
Event: 2.073 Thread 0x0000025f2306de40 DEOPT UNPACKING pc=0x0000025f2d7f6da2 sp=0x000000a3e3cfdf08 mode 2

Classes loaded (20 events):
Event: 2.114 Loading class java/util/stream/Streams$ConcatSpliterator done
Event: 2.114 Loading class java/util/stream/Streams$ConcatSpliterator$OfRef done
Event: 2.114 Loading class java/util/stream/StreamSpliterators$WrappingSpliterator
Event: 2.114 Loading class java/util/stream/StreamSpliterators$AbstractWrappingSpliterator
Event: 2.114 Loading class java/util/stream/StreamSpliterators$AbstractWrappingSpliterator done
Event: 2.114 Loading class java/util/stream/StreamSpliterators$WrappingSpliterator done
Event: 2.115 Loading class java/util/stream/Streams$2
Event: 2.115 Loading class java/util/stream/Streams$2 done
Event: 2.116 Loading class java/util/stream/StreamSpliterators
Event: 2.116 Loading class java/util/stream/StreamSpliterators done
Event: 2.116 Loading class java/util/stream/IntPipeline$1$1
Event: 2.117 Loading class java/util/stream/Sink$ChainedInt
Event: 2.117 Loading class java/util/stream/Sink$OfInt
Event: 2.118 Loading class java/util/stream/Sink$OfInt done
Event: 2.118 Loading class java/util/stream/Sink$ChainedInt done
Event: 2.118 Loading class java/util/stream/IntPipeline$1$1 done
Event: 2.118 Loading class java/util/stream/IntPipeline$4$1
Event: 2.118 Loading class java/util/stream/IntPipeline$4$1 done
Event: 2.118 Loading class java/util/function/BooleanSupplier
Event: 2.118 Loading class java/util/function/BooleanSupplier done

Classes unloaded (0 events):
No events

Classes redefined (0 events):
No events

Internal exceptions (20 events):
Event: 0.314 Thread 0x0000025f2306de40 Exception <a 'java/lang/NoSuchMethodError'{0x00000000d59f8aa8}: 'int java.lang.invoke.DirectMethodHandle$Holder.invokeSpecial(java.lang.Object, java.lang.Object, java.lang.Object)'> (0x00000000d59f8aa8) 
thrown [s\src\hotspot\share\interpreter\linkResolver.cpp, line 773]
Event: 0.318 Thread 0x0000025f2306de40 Exception <a 'java/lang/NoSuchMethodError'{0x00000000d5a04768}: 'java.lang.Object java.lang.invoke.DirectMethodHandle$Holder.invokeStatic(java.lang.Object, java.lang.Object, int)'> (0x00000000d5a04768) 
thrown [s\src\hotspot\share\interpreter\linkResolver.cpp, line 773]
Event: 0.320 Thread 0x0000025f2306de40 Exception <a 'java/lang/NoSuchMethodError'{0x00000000d5a090b8}: 'void java.lang.invoke.DirectMethodHandle$Holder.invokeStatic(java.lang.Object, java.lang.Object, int, java.lang.Object)'> (0x00000000d5a090b8) 
thrown [s\src\hotspot\share\interpreter\linkResolver.cpp, line 773]
Event: 0.321 Thread 0x0000025f2306de40 Exception <a 'java/lang/NoSuchMethodError'{0x00000000d5a0cc48}: 'void java.lang.invoke.DirectMethodHandle$Holder.invokeSpecial(java.lang.Object, java.lang.Object, java.lang.Object, int, java.lang.Object)'> (0x00000000d5a0cc48) 
thrown [s\src\hotspot\share\interpreter\linkResolver.cpp, line 773]
Event: 0.321 Thread 0x0000025f2306de40 Exception <a 'java/lang/NoSuchMethodError'{0x00000000d5a100b8}: 'void java.lang.invoke.DelegatingMethodHandle$Holder.delegate(java.lang.Object, java.lang.Object, int, java.lang.Object)'> (0x00000000d5a100b8) 
thrown [s\src\hotspot\share\interpreter\linkResolver.cpp, line 773]
Event: 0.413 Thread 0x0000025f2306de40 Exception <a 'java/lang/NoSuchMethodError'{0x00000000d5bcf2c8}: 'void java.lang.invoke.DelegatingMethodHandle$Holder.reinvoke_L(java.lang.Object, java.lang.Object, java.lang.Object, int)'> (0x00000000d5bcf2c8) 
thrown [s\src\hotspot\share\interpreter\linkResolver.cpp, line 773]
Event: 0.788 Thread 0x0000025f2306de40 Exception <a 'java/lang/NoSuchMethodError'{0x00000000d605bf50}: 'void java.lang.invoke.DirectMethodHandle$Holder.invokeVirtual(java.lang.Object, java.lang.Object)'> (0x00000000d605bf50) 
thrown [s\src\hotspot\share\interpreter\linkResolver.cpp, line 773]
Event: 2.042 Thread 0x0000025f2306de40 Exception <a 'java/lang/NoSuchMethodError'{0x00000000d6444470}: 'void java.lang.invoke.DirectMethodHandle$Holder.invokeStatic(java.lang.Object, java.lang.Object)'> (0x00000000d6444470) 
thrown [s\src\hotspot\share\interpreter\linkResolver.cpp, line 773]
Event: 2.047 Thread 0x0000025f2306de40 Exception <a 'java/lang/ClassNotFoundException'{0x00000000d646c568}: sun/net/www/protocol/c/Handler> (0x00000000d646c568) 
thrown [s\src\hotspot\share\classfile\systemDictionary.cpp, line 313]
Event: 2.065 Thread 0x0000025f2306de40 Exception <a 'java/io/FileNotFoundException'{0x00000000d64c9630}> (0x00000000d64c9630) 
thrown [s\src\hotspot\share\prims\jni.cpp, line 520]
Event: 2.065 Thread 0x0000025f2306de40 Exception <a 'java/io/FileNotFoundException'{0x00000000d64ca958}> (0x00000000d64ca958) 
thrown [s\src\hotspot\share\prims\jni.cpp, line 520]
Event: 2.065 Thread 0x0000025f2306de40 Exception <a 'java/io/FileNotFoundException'{0x00000000d64cb5d0}> (0x00000000d64cb5d0) 
thrown [s\src\hotspot\share\prims\jni.cpp, line 520]
Event: 2.066 Thread 0x0000025f2306de40 Exception <a 'java/io/FileNotFoundException'{0x00000000d64cc110}> (0x00000000d64cc110) 
thrown [s\src\hotspot\share\prims\jni.cpp, line 520]
Event: 2.072 Thread 0x0000025f2306de40 Implicit null exception at 0x0000025f2dd73ba4 to 0x0000025f2dd741a4
Event: 2.072 Thread 0x0000025f2306de40 Implicit null exception at 0x0000025f2dd74e20 to 0x0000025f2dd75418
Event: 2.074 Thread 0x0000025f2306de40 Exception <a 'java/io/FileNotFoundException'{0x00000000d65062a0}> (0x00000000d65062a0) 
thrown [s\src\hotspot\share\prims\jni.cpp, line 520]
Event: 2.088 Thread 0x0000025f2306de40 Exception <a 'java/lang/NoSuchMethodError'{0x00000000d65422f0}: 'java.lang.Object java.lang.invoke.DirectMethodHandle$Holder.invokeInterface(java.lang.Object, java.lang.Object)'> (0x00000000d65422f0) 
thrown [s\src\hotspot\share\interpreter\linkResolver.cpp, line 773]
Event: 2.091 Thread 0x0000025f2306de40 Exception <a 'java/lang/NoSuchMethodError'{0x00000000d6555e10}: 'java.lang.Object java.lang.invoke.Invokers$Holder.invokeExact_MT(java.lang.Object, java.lang.Object, java.lang.Object, java.lang.Object, java.lang.Object, java.lang.Object)'> (0x00000000d6555e10) 
thrown [s\src\hotspot\share\interpreter\linkResolver.cpp, line 773]
Event: 2.094 Thread 0x0000025f2306de40 Exception <a 'java/lang/NoSuchMethodError'{0x00000000d656cee8}: 'int java.lang.invoke.DirectMethodHandle$Holder.invokeStatic(java.lang.Object, java.lang.Object, java.lang.Object, java.lang.Object, java.lang.Object)'> (0x00000000d656cee8) 
thrown [s\src\hotspot\share\interpreter\linkResolver.cpp, line 773]
Event: 2.113 Thread 0x0000025f2306de40 Exception <a 'java/lang/NoSuchMethodError'{0x00000000d6602858}: 'java.lang.Object java.lang.invoke.DirectMethodHandle$Holder.invokeInterface(java.lang.Object, java.lang.Object, int)'> (0x00000000d6602858) 
thrown [s\src\hotspot\share\interpreter\linkResolver.cpp, line 773]

ZGC Phase Switch (0 events):
No events

VM Operations (11 events):
Event: 0.138 Executing non-safepoint VM operation: HandshakeAllThreads (Deoptimize)
Event: 0.138 Executing non-safepoint VM operation: HandshakeAllThreads (Deoptimize) done
Event: 0.273 Executing non-safepoint VM operation: HandshakeAllThreads (Deoptimize)
Event: 0.273 Executing non-safepoint VM operation: HandshakeAllThreads (Deoptimize) done
Event: 1.278 Executing safepoint VM operation: Cleanup
Event: 1.983 Executing safepoint VM operation: Cleanup done
Event: 2.014 Executing non-safepoint VM operation: HandshakeAllThreads (Deoptimize)
Event: 2.014 Executing non-safepoint VM operation: HandshakeAllThreads (Deoptimize) done
Event: 2.037 Executing non-safepoint VM operation: HandshakeAllThreads (Deoptimize)
Event: 2.037 Executing non-safepoint VM operation: HandshakeAllThreads (Deoptimize) done
Event: 3.049 Executing safepoint VM operation: Cleanup

Memory protections (0 events):
No events

Nmethod flushes (0 events):
No events

Events (11 events):
Event: 0.057 Thread 0x0000025f2306de40 Thread added: 0x0000025f2306de40
Event: 0.083 Thread 0x0000025f2306de40 Thread added: 0x0000025f22fdee00
Event: 0.083 Thread 0x0000025f2306de40 Thread added: 0x0000025f22fe0d30
Event: 0.083 Thread 0x0000025f2306de40 Thread added: 0x0000025f22fe6fd0
Event: 0.083 Thread 0x0000025f2306de40 Thread added: 0x0000025f22febe10
Event: 0.083 Thread 0x0000025f2306de40 Thread added: 0x0000025f22fed9e0
Event: 0.084 Thread 0x0000025f2306de40 Thread added: 0x0000025f22ff16f0
Event: 0.084 Thread 0x0000025f2306de40 Thread added: 0x0000025f23002810
Event: 0.084 Thread 0x0000025f2306de40 Thread added: 0x0000025f22ff7450
Event: 0.178 Thread 0x0000025f2306de40 Thread added: 0x0000025f7c5af7c0
Event: 0.556 Thread 0x0000025f2306de40 Thread added: 0x0000025f7c67a240


Dynamic libraries:
0x00007ff638180000 - 0x00007ff63818e000 	c:\Users\ashok\.vscode\extensions\redhat.java-1.55.0-win32-x64\jre\21.0.11-win32-x86_64\bin\java.exe
0x00007ffbc54c0000 - 0x00007ffbc5726000 	C:\WINDOWS\SYSTEM32\ntdll.dll
0x00007ffbc40f0000 - 0x00007ffbc41b9000 	C:\WINDOWS\System32\KERNEL32.DLL
0x00007ffbc2780000 - 0x00007ffbc2b7f000 	C:\WINDOWS\System32\KERNELBASE.dll
0x00007ffbc2ea0000 - 0x00007ffbc2fec000 	C:\WINDOWS\System32\ucrtbase.dll
0x00007ffb80f40000 - 0x00007ffb80f5e000 	c:\Users\ashok\.vscode\extensions\redhat.java-1.55.0-win32-x64\jre\21.0.11-win32-x86_64\bin\VCRUNTIME140.dll
0x00007ffb80f20000 - 0x00007ffb80f38000 	c:\Users\ashok\.vscode\extensions\redhat.java-1.55.0-win32-x64\jre\21.0.11-win32-x86_64\bin\jli.dll
0x00007ffbc3e90000 - 0x00007ffbc4056000 	C:\WINDOWS\System32\USER32.dll
0x00007ffba8370000 - 0x00007ffba8601000 	C:\WINDOWS\WinSxS\amd64_microsoft.windows.common-controls_6595b64144ccf1df_6.0.26100.8972_none_3e0da176e32f9d4b\COMCTL32.dll
0x00007ffbc3000000 - 0x00007ffbc3027000 	C:\WINDOWS\System32\win32u.dll
0x00007ffbc44d0000 - 0x00007ffbc4579000 	C:\WINDOWS\System32\msvcrt.dll
0x00007ffbc4360000 - 0x00007ffbc438b000 	C:\WINDOWS\System32\GDI32.dll
0x00007ffbc30c0000 - 0x00007ffbc31e9000 	C:\WINDOWS\System32\gdi32full.dll
0x00007ffbc26d0000 - 0x00007ffbc2773000 	C:\WINDOWS\System32\msvcp_win.dll
0x00007ffbc4390000 - 0x00007ffbc43c2000 	C:\WINDOWS\System32\IMM32.DLL
0x00007ffbab340000 - 0x00007ffbab34c000 	c:\Users\ashok\.vscode\extensions\redhat.java-1.55.0-win32-x64\jre\21.0.11-win32-x86_64\bin\vcruntime140_1.dll
0x00007ffb6da60000 - 0x00007ffb6daed000 	c:\Users\ashok\.vscode\extensions\redhat.java-1.55.0-win32-x64\jre\21.0.11-win32-x86_64\bin\msvcp140.dll
0x00007ffb23060000 - 0x00007ffb23e02000 	c:\Users\ashok\.vscode\extensions\redhat.java-1.55.0-win32-x64\jre\21.0.11-win32-x86_64\bin\server\jvm.dll
0x00007ffbc39e0000 - 0x00007ffbc3a9c000 	C:\WINDOWS\System32\ADVAPI32.dll
0x00007ffbc3250000 - 0x00007ffbc32f9000 	C:\WINDOWS\System32\sechost.dll
0x00007ffbc3b90000 - 0x00007ffbc3ca8000 	C:\WINDOWS\System32\RPCRT4.dll
0x00007ffbc3cb0000 - 0x00007ffbc3d32000 	C:\WINDOWS\System32\WS2_32.dll
0x00007ffbba9d0000 - 0x00007ffbbaa06000 	C:\WINDOWS\SYSTEM32\WINMM.dll
0x00007ffbc2530000 - 0x00007ffbc258e000 	C:\WINDOWS\SYSTEM32\POWRPROF.dll
0x00007ffbba240000 - 0x00007ffbba24b000 	C:\WINDOWS\SYSTEM32\VERSION.dll
0x00007ffbc2510000 - 0x00007ffbc2525000 	C:\WINDOWS\SYSTEM32\UMPDC.dll
0x00007ffbc13c0000 - 0x00007ffbc13db000 	C:\WINDOWS\SYSTEM32\kernel.appcore.dll
0x00007ffba9f80000 - 0x00007ffba9f8a000 	c:\Users\ashok\.vscode\extensions\redhat.java-1.55.0-win32-x64\jre\21.0.11-win32-x86_64\bin\jimage.dll
0x00007ffbbfb10000 - 0x00007ffbbfd52000 	C:\WINDOWS\SYSTEM32\DBGHELP.DLL
0x00007ffbc4ea0000 - 0x00007ffbc5225000 	C:\WINDOWS\System32\combase.dll
0x00007ffbc3ab0000 - 0x00007ffbc3b89000 	C:\WINDOWS\System32\OLEAUT32.dll
0x00007ffbab570000 - 0x00007ffbab5ab000 	C:\WINDOWS\SYSTEM32\dbgcore.DLL
0x00007ffbc2d20000 - 0x00007ffbc2dcc000 	C:\WINDOWS\System32\bcryptPrimitives.dll
0x00007ffb9f130000 - 0x00007ffb9f13f000 	c:\Users\ashok\.vscode\extensions\redhat.java-1.55.0-win32-x64\jre\21.0.11-win32-x86_64\bin\instrument.dll
0x00007ffb80e90000 - 0x00007ffb80eb0000 	c:\Users\ashok\.vscode\extensions\redhat.java-1.55.0-win32-x64\jre\21.0.11-win32-x86_64\bin\java.dll
0x00007ffbc4710000 - 0x00007ffbc4e98000 	C:\WINDOWS\System32\SHELL32.dll
0x00007ffbc0160000 - 0x00007ffbc09fb000 	C:\WINDOWS\SYSTEM32\windows.storage.dll
0x00007ffbc43d0000 - 0x00007ffbc44c9000 	C:\WINDOWS\System32\SHCORE.dll
0x00007ffbc5410000 - 0x00007ffbc5476000 	C:\WINDOWS\System32\shlwapi.dll
0x00007ffbc25f0000 - 0x00007ffbc2619000 	C:\WINDOWS\SYSTEM32\profapi.dll
0x00007ffb7fc20000 - 0x00007ffb7fc38000 	c:\Users\ashok\.vscode\extensions\redhat.java-1.55.0-win32-x64\jre\21.0.11-win32-x86_64\bin\zip.dll
0x00007ffb9ead0000 - 0x00007ffb9eae0000 	C:\Users\ashok\.vscode\extensions\redhat.java-1.55.0-win32-x64\jre\21.0.11-win32-x86_64\bin\net.dll
0x00007ffbb3a40000 - 0x00007ffbb3b67000 	C:\WINDOWS\SYSTEM32\WINHTTP.dll
0x00007ffbc1970000 - 0x00007ffbc19dc000 	C:\WINDOWS\system32\mswsock.dll
0x00007ffb7e820000 - 0x00007ffb7e836000 	C:\Users\ashok\.vscode\extensions\redhat.java-1.55.0-win32-x64\jre\21.0.11-win32-x86_64\bin\nio.dll
0x00007ffb9ea70000 - 0x00007ffb9ea80000 	c:\Users\ashok\.vscode\extensions\redhat.java-1.55.0-win32-x64\jre\21.0.11-win32-x86_64\bin\verify.dll

JVMTI agents:
c:\Users\ashok\.vscode\extensions\redhat.java-1.55.0-win32-x64\lombok\lombok-1.18.39-4050.jar path:c:\Users\ashok\.vscode\extensions\redhat.java-1.55.0-win32-x64\jre\21.0.11-win32-x86_64\bin\instrument.dll, loaded, initialized, instrumentlib options:none

dbghelp: loaded successfully - version: 4.0.5 - missing functions: none
symbol engine: initialized successfully - sym options: 0x614 - pdb path: .;c:\Users\ashok\.vscode\extensions\redhat.java-1.55.0-win32-x64\jre\21.0.11-win32-x86_64\bin;C:\WINDOWS\SYSTEM32;C:\WINDOWS\WinSxS\amd64_microsoft.windows.common-controls_6595b64144ccf1df_6.0.26100.8972_none_3e0da176e32f9d4b;c:\Users\ashok\.vscode\extensions\redhat.java-1.55.0-win32-x64\jre\21.0.11-win32-x86_64\bin\server

VM Arguments:
jvm_args: --add-modules=ALL-SYSTEM --add-opens=java.base/java.util=ALL-UNNAMED --add-opens=java.base/java.lang=ALL-UNNAMED --add-opens=java.base/sun.nio.fs=ALL-UNNAMED -Declipse.application=org.eclipse.jdt.ls.core.id1 -Dosgi.bundles.defaultStartLevel=4 -Declipse.product=org.eclipse.jdt.ls.core.product -Djava.import.generatesMetadataFilesAtProjectRoot=false -DDetectVMInstallationsJob.disabled=true -Dfile.encoding=utf8 -XX:+UseParallelGC -XX:GCTimeRatio=4 -XX:AdaptiveSizePolicyWeight=90 -Dsun.zip.disableMemoryMapping=true -Xmx2G -Xms100m -Xlog:disable -javaagent:c:\Users\ashok\.vscode\extensions\redhat.java-1.55.0-win32-x64\lombok\lombok-1.18.39-4050.jar 
java_command: c:\Users\ashok\.vscode\extensions\redhat.java-1.55.0-win32-x64\server\plugins\org.eclipse.equinox.launcher_1.7.200.v20260619-2039.jar -configuration c:\Users\ashok\AppData\Roaming\Code\User\globalStorage\redhat.java\1.55.0\config_ss_win -data c:\Users\ashok\AppData\Roaming\Code\User\workspaceStorage\f49809eafe7ac7954cc2c2667eb9384f\redhat.java\ss_ws --pipe=\\.\pipe\lsp-6d64de1eb638c367bc0c53a5ae08b2e0-sock
java_class_path (initial): c:\Users\ashok\.vscode\extensions\redhat.java-1.55.0-win32-x64\server\plugins\org.eclipse.equinox.launcher_1.7.200.v20260619-2039.jar
Launcher Type: SUN_STANDARD

[Global flags]
    uintx AdaptiveSizePolicyWeight                 = 90                                        {product} {command line}
     intx CICompilerCount                          = 4                                         {product} {ergonomic}
    uintx GCTimeRatio                              = 4                                         {product} {command line}
   size_t InitialHeapSize                          = 104857600                                 {product} {command line}
   size_t MaxHeapSize                              = 2147483648                                {product} {command line}
   size_t MaxNewSize                               = 715653120                                 {product} {ergonomic}
   size_t MinHeapDeltaBytes                        = 524288                                    {product} {ergonomic}
   size_t MinHeapSize                              = 104857600                                 {product} {command line}
   size_t NewSize                                  = 34603008                                  {product} {ergonomic}
    uintx NonNMethodCodeHeapSize                   = 5839372                                {pd product} {ergonomic}
    uintx NonProfiledCodeHeapSize                  = 122909434                              {pd product} {ergonomic}
   size_t OldSize                                  = 70254592                                  {product} {ergonomic}
    uintx ProfiledCodeHeapSize                     = 122909434                              {pd product} {ergonomic}
    uintx ReservedCodeCacheSize                    = 251658240                              {pd product} {ergonomic}
     bool SegmentedCodeCache                       = true                                      {product} {ergonomic}
   size_t SoftMaxHeapSize                          = 2147483648                             {manageable} {ergonomic}
     bool UseCompressedOops                        = true                           {product lp64_product} {ergonomic}
     bool UseLargePagesIndividualAllocation        = false                                  {pd product} {ergonomic}
     bool UseParallelGC                            = true                                      {product} {command line}

Logging:
Log output configuration:
 #0: stdout all=off uptime,level,tags foldmultilines=false
 #1: stderr all=off uptime,level,tags foldmultilines=false

Release file:
JAVA_VERSION="21.0.11" 
MODULES="java.base java.compiler java.datatransfer java.xml java.prefs java.desktop java.instrument java.logging java.management java.security.sasl java.naming java.rmi java.management.rmi java.net.http java.scripting java.security.jgss java.transaction.xa java.sql java.sql.rowset java.xml.crypto java.se java.smartcardio jdk.accessibility jdk.internal.jvmstat jdk.attach jdk.charsets jdk.internal.opt jdk.zipfs jdk.compiler jdk.crypto.ec jdk.crypto.cryptoki jdk.crypto.mscapi jdk.dynalink jdk.internal.ed jdk.editpad jdk.hotspot.agent jdk.httpserver jdk.internal.le jdk.internal.vm.ci jdk.internal.vm.compiler jdk.internal.vm.compiler.management jdk.jartool jdk.javadoc jdk.jcmd jdk.management jdk.management.agent jdk.jconsole jdk.jdeps jdk.jdwp.agent jdk.jdi jdk.jfr jdk.jshell jdk.jsobject jdk.jstatd jdk.localedata jdk.management.jfr jdk.naming.dns jdk.naming.rmi jdk.net jdk.nio.mapmode jdk.random jdk.sctp jdk.security.auth jdk.security.jgss jdk.unsupported jdk.unsupported.desktop jdk.xml.dom" 

Environment Variables:
JAVA_HOME=C:\Program Files\Java\jdk-26.0.1
PATH=C:\Program Files\Common Files\Oracle\Java\javapath;C:\Program Files (x86)\Common Files\Oracle\Java\java8path;C:\Program Files (x86)\Common Files\Oracle\Java\javapath;C:\apache-maven-3.9.16-bin\apache-maven-3.9.16\bin;C:\WINDOWS\system32;C:\WINDOWS;C:\WINDOWS\System32\Wbem;C:\WINDOWS\System32\WindowsPowerShell\v1.0\;C:\WINDOWS\System32\OpenSSH\;C:\Program Files\dotnet\;C:\Program Files\nodejs\;C:\\Program Files\\gs\\gs10.07.1\\bin;C:\Program Files\Git\cmd;C:\Program Files\MySQL\MySQL Shell 8.0\bin\;C:\Users\ashok\AppData\Local\Microsoft\WindowsApps;C:\Users\ashok\AppData\Local\Programs\Microsoft VS Code\bin;C:\Users\ashok\AppData\Roaming\npm;C:\apache-maven-3.9.16-bin\apache-maven-3.9.16\bin;;C:\Users\ashok\AppData\Local\Programs\DockerDesktop\resources\bin
USERNAME=ashok
OS=Windows_NT
PROCESSOR_IDENTIFIER=Intel64 Family 6 Model 140 Stepping 1, GenuineIntel
TMP=C:\Users\ashok\AppData\Local\Temp
TEMP=C:\Users\ashok\AppData\Local\Temp




Periodic native trim disabled

---------------  S Y S T E M  ---------------

OS:
 Windows 11 , 64 bit Build 26100 (10.0.26100.8972)
OS uptime: 5 days 6:52 hours
Hyper-V role detected

CPU: total 8 (initial active 8) (4 cores per cpu, 2 threads per core) family 6 model 140 stepping 1 microcode 0xbe, cx8, cmov, fxsr, ht, mmx, 3dnowpref, sse, sse2, sse3, ssse3, sse4.1, sse4.2, popcnt, lzcnt, tsc, tscinvbit, avx, avx2, aes, erms, clmul, bmi1, bmi2, adx, avx512f, avx512dq, avx512cd, avx512bw, avx512vl, sha, fma, vzeroupper, avx512_vpopcntdq, avx512_vpclmulqdq, avx512_vaes, avx512_vnni, clflush, clflushopt, clwb, avx512_vbmi2, avx512_vbmi, hv, rdtscp, rdpid, fsrm, gfni, avx512_bitalg, f16c, cet_ibt, cet_ss, avx512_ifma
Processor Information for the first 8 processors :
  Max Mhz: 2419, Current Mhz: 2419, Mhz Limit: 2419

Memory: 4k page, system-wide physical 7926M (311M free)
TotalPageFile size 27139M (AvailPageFile size 7M)
current process WorkingSet (physical memory assigned to process): 68M, peak: 68M
current process commit charge ("private bytes"): 231M, peak: 231M

vm_info: OpenJDK 64-Bit Server VM (21.0.11+10-LTS) for windows-amd64 JRE (21.0.11+10-LTS), built on 2026-04-21T00:00:00Z by "admin" with MS VC++ 17.12 (VS2022)

END.
