#
# There is insufficient memory for the Java Runtime Environment to continue.
# Native memory allocation (malloc) failed to allocate 1511696 bytes. Error detail: Chunk::new
# Possible reasons:
#   The system is out of physical RAM or swap space
#   This process is running with CompressedOops enabled, and the Java Heap may be blocking the growth of the native heap
# Possible solutions:
#   Reduce memory load on the system
#   Increase physical memory or swap space
#   Check if swap backing store is full
#   Decrease Java heap size (-Xmx/-Xms)
#   Decrease number of Java threads
#   Decrease Java thread stack sizes (-Xss)
#   Set larger code cache with -XX:ReservedCodeCacheSize=
#   JVM is running with Unscaled Compressed Oops mode in which the Java heap is
#     placed in the first 4GB address space. The Java Heap base address is the
#     maximum limit for the native heap growth. Please use -XX:HeapBaseMinAddress
#     to set the Java Heap base and to place the Java Heap above 4GB virtual address.
# This output file may be truncated or incomplete.
#
#  Out of Memory Error (arena.cpp:168), pid=16756, tid=27996
#
# JRE version: OpenJDK Runtime Environment Temurin-21.0.11+10 (21.0.11+10) (build 21.0.11+10-LTS)
# Java VM: OpenJDK 64-Bit Server VM Temurin-21.0.11+10 (21.0.11+10-LTS, mixed mode, sharing, tiered, compressed oops, compressed class ptrs, parallel gc, windows-amd64)
# No core dump will be written. Minidumps are not enabled by default on client versions of Windows
#

---------------  S U M M A R Y ------------

Command Line: --add-modules=ALL-SYSTEM --add-opens=java.base/java.util=ALL-UNNAMED --add-opens=java.base/java.lang=ALL-UNNAMED --add-opens=java.base/sun.nio.fs=ALL-UNNAMED -Declipse.application=org.eclipse.jdt.ls.core.id1 -Dosgi.bundles.defaultStartLevel=4 -Declipse.product=org.eclipse.jdt.ls.core.product -Djava.import.generatesMetadataFilesAtProjectRoot=false -DDetectVMInstallationsJob.disabled=true -Dfile.encoding=utf8 -XX:+UseParallelGC -XX:GCTimeRatio=4 -XX:AdaptiveSizePolicyWeight=90 -Dsun.zip.disableMemoryMapping=true -Xmx2G -Xms100m -Xlog:disable -javaagent:c:\Users\ashok\.vscode\extensions\redhat.java-1.55.0-win32-x64\lombok\lombok-1.18.39-4050.jar -XX:+HeapDumpOnOutOfMemoryError -XX:HeapDumpPath=c:\Users\ashok\AppData\Roaming\Code\User\workspaceStorage\f49809eafe7ac7954cc2c2667eb9384f\redhat.java -Daether.dependencyCollector.impl=bf c:\Users\ashok\.vscode\extensions\redhat.java-1.55.0-win32-x64\server\plugins\org.eclipse.equinox.launcher_1.7.200.v20260619-2039.jar -configuration c:\Users\ashok\AppData\Roaming\Code\User\globalStorage\redhat.java\1.55.0\config_win -data c:\Users\ashok\AppData\Roaming\Code\User\workspaceStorage\f49809eafe7ac7954cc2c2667eb9384f\redhat.java\jdt_ws --pipe=\\.\pipe\lsp-219342a72c2c7f68017a0af600763026-sock

Host: 11th Gen Intel(R) Core(TM) i5-1135G7 @ 2.40GHz, 8 cores, 7G,  Windows 11 , 64 bit Build 26100 (10.0.26100.8972)
Time: Wed Aug  5 18:45:33 2026 India Standard Time elapsed time: 32.544690 seconds (0d 0h 0m 32s)

---------------  T H R E A D  ---------------

Current thread (0x000002648fd69660):  JavaThread "C2 CompilerThread0" daemon [_thread_in_native, id=27996, stack(0x0000006820000000,0x0000006820100000) (1024K)]


Current CompileTask:
C2:32544 9818       4       org.eclipse.osgi.internal.loader.BundleLoader::addExportedProvidersFor (167 bytes)

Stack: [0x0000006820000000,0x0000006820100000]
Native frames: (J=compiled Java code, j=interpreted, Vv=VM code, C=native code)
V  [jvm.dll+0x6d7e19]
V  [jvm.dll+0x8b5096]
V  [jvm.dll+0x8b764e]
V  [jvm.dll+0x8b7d33]
V  [jvm.dll+0x284596]
V  [jvm.dll+0xc685d]
V  [jvm.dll+0xc6da1]
V  [jvm.dll+0x3bed31]
V  [jvm.dll+0x38b2b2]
V  [jvm.dll+0x38a6fa]
V  [jvm.dll+0x24c700]
V  [jvm.dll+0x24bce0]
V  [jvm.dll+0x1cb4ae]
V  [jvm.dll+0x25baad]
V  [jvm.dll+0x25a03a]
V  [jvm.dll+0x3f868e]
V  [jvm.dll+0x85fb0d]
V  [jvm.dll+0x6d664d]
C  [ucrtbase.dll+0x2cd30]
C  [KERNEL32.DLL+0x2ccb7]
C  [ntdll.dll+0xaad6c]


---------------  P R O C E S S  ---------------

Threads class SMR info:
_java_thread_list=0x00000264efb8fa70, length=51, elements={
0x000002648fded6d0, 0x000002648fd5d3f0, 0x000002648fd61a80, 0x000002648fd626e0,
0x000002648fd63340, 0x000002648fd65db0, 0x000002648fd68820, 0x000002648fd69660,
0x000002648fd8e630, 0x00000264e92d2aa0, 0x00000264e950fbd0, 0x00000264e961a510,
0x00000264e9903730, 0x00000264e9b935f0, 0x00000264ee209680, 0x00000264ee647b00,
0x00000264ee5aeeb0, 0x00000264eeb12f80, 0x00000264eea51360, 0x00000264eea50640,
0x00000264eea50cd0, 0x00000264eea519f0, 0x00000264eea4ffb0, 0x00000264eea52080,
0x00000264eea4ec00, 0x00000264eea4f290, 0x00000264eea4f920, 0x00000264ef96ca30,
0x00000264ef96eb00, 0x00000264ef96d0c0, 0x00000264ef96f190, 0x00000264ef96bd10,
0x00000264ef96d750, 0x00000264ef96dde0, 0x00000264ef96e470, 0x00000264ef96c3a0,
0x00000264ef970540, 0x00000264ef9718f0, 0x00000264ef96feb0, 0x00000264ef970bd0,
0x00000264ef971260, 0x00000264ef971f80, 0x00000264ef972610, 0x00000264ef972ca0,
0x00000264ef973330, 0x00000264e966c170, 0x00000264e9669a10, 0x00000264e966b450,
0x00000264e9669380, 0x00000264e966bae0, 0x00000264e966a0a0
}

Java Threads: ( => current thread )
  0x000002648fded6d0 JavaThread "main"                              [_thread_blocked, id=15052, stack(0x000000681f600000,0x000000681f700000) (1024K)]
  0x000002648fd5d3f0 JavaThread "Reference Handler"          daemon [_thread_blocked, id=18428, stack(0x000000681fa00000,0x000000681fb00000) (1024K)]
  0x000002648fd61a80 JavaThread "Finalizer"                  daemon [_thread_blocked, id=15432, stack(0x000000681fb00000,0x000000681fc00000) (1024K)]
  0x000002648fd626e0 JavaThread "Signal Dispatcher"          daemon [_thread_blocked, id=27096, stack(0x000000681fc00000,0x000000681fd00000) (1024K)]
  0x000002648fd63340 JavaThread "Attach Listener"            daemon [_thread_blocked, id=16232, stack(0x000000681fd00000,0x000000681fe00000) (1024K)]
  0x000002648fd65db0 JavaThread "Service Thread"             daemon [_thread_blocked, id=27696, stack(0x000000681fe00000,0x000000681ff00000) (1024K)]
  0x000002648fd68820 JavaThread "Monitor Deflation Thread"   daemon [_thread_blocked, id=19912, stack(0x000000681ff00000,0x0000006820000000) (1024K)]
=>0x000002648fd69660 JavaThread "C2 CompilerThread0"         daemon [_thread_in_native, id=27996, stack(0x0000006820000000,0x0000006820100000) (1024K)]
  0x000002648fd8e630 JavaThread "C1 CompilerThread0"         daemon [_thread_blocked, id=23316, stack(0x0000006820100000,0x0000006820200000) (1024K)]
  0x00000264e92d2aa0 JavaThread "Common-Cleaner"             daemon [_thread_blocked, id=28608, stack(0x0000006820200000,0x0000006820300000) (1024K)]
  0x00000264e950fbd0 JavaThread "Notification Thread"        daemon [_thread_blocked, id=14684, stack(0x0000006820300000,0x0000006820400000) (1024K)]
  0x00000264e961a510 JavaThread "Active Thread: Equinox Container: 4666a622-8eb9-463c-a8f1-5f7ee2a7b1ec"        [_thread_blocked, id=17372, stack(0x0000006820a00000,0x0000006820b00000) (1024K)]
  0x00000264e9903730 JavaThread "Refresh Thread: Equinox Container: 4666a622-8eb9-463c-a8f1-5f7ee2a7b1ec" daemon [_thread_blocked, id=9720, stack(0x0000006820b00000,0x0000006820c00000) (1024K)]
  0x00000264e9b935f0 JavaThread "Framework Event Dispatcher: Equinox Container: 4666a622-8eb9-463c-a8f1-5f7ee2a7b1ec" daemon [_thread_blocked, id=23536, stack(0x0000006820d00000,0x0000006820e00000) (1024K)]
  0x00000264ee209680 JavaThread "Start Level: Equinox Container: 4666a622-8eb9-463c-a8f1-5f7ee2a7b1ec" daemon [_thread_blocked, id=22532, stack(0x0000006820e00000,0x0000006820f00000) (1024K)]
  0x00000264ee647b00 JavaThread "Bundle File Closer"         daemon [_thread_blocked, id=28632, stack(0x0000006820f00000,0x0000006821000000) (1024K)]
  0x00000264ee5aeeb0 JavaThread "SCR Component Actor"        daemon [_thread_blocked, id=13372, stack(0x0000006821000000,0x0000006821100000) (1024K)]
  0x00000264eeb12f80 JavaThread "Worker-JM"                         [_thread_blocked, id=16672, stack(0x0000006821100000,0x0000006821200000) (1024K)]
  0x00000264eea51360 JavaThread "JNA Cleaner"                daemon [_thread_blocked, id=27664, stack(0x0000006821200000,0x0000006821300000) (1024K)]
  0x00000264eea50640 JavaThread "Unhandled exception type {0} thrown by automatic close() invocation on {1}"        [_thread_blocked, id=6708, stack(0x0000006821300000,0x0000006821400000) (1024K)]
  0x00000264eea50cd0 JavaThread "Worker-1"                          [_thread_blocked, id=28440, stack(0x0000006821400000,0x0000006821500000) (1024K)]
  0x00000264eea519f0 JavaThread "Java indexing"              daemon [_thread_blocked, id=15332, stack(0x0000006821500000,0x0000006821600000) (1024K)]
  0x00000264eea4ffb0 JavaThread "Worker-2"                          [_thread_blocked, id=12616, stack(0x0000006821600000,0x0000006821700000) (1024K)]
  0x00000264eea52080 JavaThread "Worker-3"                          [_thread_blocked, id=9724, stack(0x0000006821900000,0x0000006821a00000) (1024K)]
  0x00000264eea4ec00 JavaThread "Worker-4"                          [_thread_blocked, id=10492, stack(0x0000006821a00000,0x0000006821b00000) (1024K)]
  0x00000264eea4f290 JavaThread "Thread-1"                   daemon [_thread_in_native, id=23984, stack(0x0000006821b00000,0x0000006821c00000) (1024K)]
  0x00000264eea4f920 JavaThread "Thread-2"                   daemon [_thread_in_native, id=19356, stack(0x0000006821c00000,0x0000006821d00000) (1024K)]
  0x00000264ef96ca30 JavaThread "Thread-3"                   daemon [_thread_in_native, id=26340, stack(0x0000006821d00000,0x0000006821e00000) (1024K)]
  0x00000264ef96eb00 JavaThread "Thread-4"                   daemon [_thread_in_native, id=12736, stack(0x0000006821e00000,0x0000006821f00000) (1024K)]
  0x00000264ef96d0c0 JavaThread "Thread-5"                   daemon [_thread_in_native, id=16932, stack(0x0000006821f00000,0x0000006822000000) (1024K)]
  0x00000264ef96f190 JavaThread "Thread-6"                   daemon [_thread_in_native, id=26832, stack(0x0000006822000000,0x0000006822100000) (1024K)]
  0x00000264ef96bd10 JavaThread "Thread-7"                   daemon [_thread_in_native, id=18756, stack(0x0000006822100000,0x0000006822200000) (1024K)]
  0x00000264ef96d750 JavaThread "Thread-8"                   daemon [_thread_in_native, id=2440, stack(0x0000006822200000,0x0000006822300000) (1024K)]
  0x00000264ef96dde0 JavaThread "Thread-9"                   daemon [_thread_in_native, id=11016, stack(0x0000006822300000,0x0000006822400000) (1024K)]
  0x00000264ef96e470 JavaThread "pool-2-thread-1"                   [_thread_blocked, id=17192, stack(0x0000006822400000,0x0000006822500000) (1024K)]
  0x00000264ef96c3a0 JavaThread "WorkspaceEventsHandler"            [_thread_blocked, id=8084, stack(0x0000006822500000,0x0000006822600000) (1024K)]
  0x00000264ef970540 JavaThread "pool-1-thread-1"                   [_thread_blocked, id=27832, stack(0x0000006822600000,0x0000006822700000) (1024K)]
  0x00000264ef9718f0 JavaThread "PatternSearchJob-worker-1"  daemon [_thread_blocked, id=24632, stack(0x0000006822700000,0x0000006822800000) (1024K)]
  0x00000264ef96feb0 JavaThread "PatternSearchJob-worker-2"  daemon [_thread_blocked, id=11372, stack(0x0000006822800000,0x0000006822900000) (1024K)]
  0x00000264ef970bd0 JavaThread "PatternSearchJob-worker-3"  daemon [_thread_blocked, id=15652, stack(0x0000006822900000,0x0000006822a00000) (1024K)]
  0x00000264ef971260 JavaThread "PatternSearchJob-worker-4"  daemon [_thread_blocked, id=23008, stack(0x0000006822a00000,0x0000006822b00000) (1024K)]
  0x00000264ef971f80 JavaThread "PatternSearchJob-worker-5"  daemon [_thread_blocked, id=28596, stack(0x0000006822b00000,0x0000006822c00000) (1024K)]
  0x00000264ef972610 JavaThread "PatternSearchJob-worker-6"  daemon [_thread_blocked, id=23232, stack(0x0000006822c00000,0x0000006822d00000) (1024K)]
  0x00000264ef972ca0 JavaThread "PatternSearchJob-worker-7"  daemon [_thread_blocked, id=4248, stack(0x0000006822d00000,0x0000006822e00000) (1024K)]
  0x00000264ef973330 JavaThread "ForkJoinPool.commonPool-worker-1" daemon [_thread_blocked, id=26148, stack(0x0000006822e00000,0x0000006822f00000) (1024K)]
  0x00000264e966c170 JavaThread "ForkJoinPool.commonPool-worker-2" daemon [_thread_blocked, id=11972, stack(0x0000006822f00000,0x0000006823000000) (1024K)]
  0x00000264e9669a10 JavaThread "ForkJoinPool.commonPool-worker-3" daemon [_thread_blocked, id=16716, stack(0x0000006823000000,0x0000006823100000) (1024K)]
  0x00000264e966b450 JavaThread "ForkJoinPool.commonPool-worker-4" daemon [_thread_blocked, id=1588, stack(0x0000006823100000,0x0000006823200000) (1024K)]
  0x00000264e9669380 JavaThread "ForkJoinPool.commonPool-worker-5" daemon [_thread_blocked, id=18724, stack(0x0000006823200000,0x0000006823300000) (1024K)]
  0x00000264e966bae0 JavaThread "ForkJoinPool.commonPool-worker-6" daemon [_thread_blocked, id=24156, stack(0x0000006823300000,0x0000006823400000) (1024K)]
  0x00000264e966a0a0 JavaThread "ForkJoinPool.commonPool-worker-7" daemon [_thread_blocked, id=26264, stack(0x0000006823400000,0x0000006823500000) (1024K)]
Total: 51

Other Threads:
  0x000002648fd41470 VMThread "VM Thread"                           [id=16412, stack(0x000000681f900000,0x000000681fa00000) (1024K)]
  0x000002648fe586f0 WatcherThread "VM Periodic Task Thread"        [id=26436, stack(0x000000681f800000,0x000000681f900000) (1024K)]
  0x000002648fe0bfc0 WorkerThread "GC Thread#0"                     [id=18248, stack(0x000000681f700000,0x000000681f800000) (1024K)]
  0x00000264e9734c70 WorkerThread "GC Thread#1"                     [id=14392, stack(0x0000006820400000,0x0000006820500000) (1024K)]
  0x00000264e96fb250 WorkerThread "GC Thread#2"                     [id=24084, stack(0x0000006820500000,0x0000006820600000) (1024K)]
  0x00000264e979d240 WorkerThread "GC Thread#3"                     [id=2284, stack(0x0000006820600000,0x0000006820700000) (1024K)]
  0x00000264e979d5f0 WorkerThread "GC Thread#4"                     [id=20964, stack(0x0000006820700000,0x0000006820800000) (1024K)]
  0x00000264e98db0f0 WorkerThread "GC Thread#5"                     [id=21976, stack(0x0000006820800000,0x0000006820900000) (1024K)]
  0x00000264e98db4a0 WorkerThread "GC Thread#6"                     [id=11864, stack(0x0000006820900000,0x0000006820a00000) (1024K)]
  0x00000264ee1c66e0 WorkerThread "GC Thread#7"                     [id=1668, stack(0x0000006820c00000,0x0000006820d00000) (1024K)]
Total: 10

Threads with active compile tasks:
C2 CompilerThread0  32597 9818       4       org.eclipse.osgi.internal.loader.BundleLoader::addExportedProvidersFor (167 bytes)
Total: 1

VM state: at safepoint (normal execution)

VM Mutex/Monitor currently owned by a thread:  ([mutex/lock_event])
[0x00007ffb23d1f570] Threads_lock - owner thread: 0x000002648fd41470
[0x00007ffb23d1f670] Heap_lock - owner thread: 0x00000264eea50640

Heap address: 0x0000000080000000, size: 2048 MB, Compressed Oops mode: 32-bit

CDS archive(s) mapped at: [0x00000264a7000000-0x00000264a7ba0000-0x00000264a7ba0000), size 12189696, SharedBaseAddress: 0x00000264a7000000, ArchiveRelocationMode: 1.
Compressed class space mapped at: 0x00000264a8000000-0x00000264e8000000, reserved size: 1073741824
Narrow klass base: 0x00000264a7000000, Narrow klass shift: 0, Narrow klass range: 0x100000000

GC Precious Log:
 CardTable entry size: 512
 CPUs: 8 total, 8 available
 Memory: 7926M
 Large Page Support: Disabled
 NUMA Support: Disabled
 Compressed Oops: Enabled (32-bit)
 Alignments: Space 512K, Generation 512K, Heap 2M
 Heap Min Capacity: 100M
 Heap Initial Capacity: 100M
 Heap Max Capacity: 2G
 Pre-touch: Disabled
 Parallel Workers: 8

Heap:
 PSYoungGen      total 15360K, used 735K [0x00000000d5580000, 0x00000000d6700000, 0x0000000100000000)
  eden space 14336K, 0% used [0x00000000d5580000,0x00000000d5580000,0x00000000d6380000)
  from space 1024K, 71% used [0x00000000d6600000,0x00000000d66b7ca0,0x00000000d6700000)
  to   space 1024K, 0% used [0x00000000d6500000,0x00000000d6500000,0x00000000d6600000)
 ParOldGen       total 68608K, used 60324K [0x0000000080000000, 0x0000000084300000, 0x00000000d5580000)
  object space 68608K, 87% used [0x0000000080000000,0x0000000083ae9278,0x0000000084300000)
 Metaspace       used 58436K, committed 59776K, reserved 1114112K
  class space    used 6288K, committed 6848K, reserved 1048576K

Card table byte_map: [0x000002648f790000,0x000002648fba0000] _byte_map_base: 0x000002648f390000

Marking Bits: (ParMarkBitMap*) 0x00007ffb23d24460
 Begin Bits: [0x00000264a22a0000, 0x00000264a42a0000)
 End Bits:   [0x00000264a42a0000, 0x00000264a62a0000)

Polling page: 0x000002648dc30000

Metaspace:

Usage:
  Non-class:     50.93 MB used.
      Class:      6.14 MB used.
       Both:     57.07 MB used.

Virtual space:
  Non-class space:       64.00 MB reserved,      51.69 MB ( 81%) committed,  1 nodes.
      Class space:        1.00 GB reserved,       6.69 MB ( <1%) committed,  1 nodes.
             Both:        1.06 GB reserved,      58.38 MB (  5%) committed. 

Chunk freelists:
   Non-Class:  12.12 MB
       Class:  9.25 MB
        Both:  21.38 MB

MaxMetaspaceSize: unlimited
CompressedClassSpaceSize: 1.00 GB
Initial GC threshold: 21.00 MB
Current GC threshold: 58.38 MB
CDS: on
 - commit_granule_bytes: 65536.
 - commit_granule_words: 8192.
 - virtual_space_node_default_size: 8388608.
 - enlarge_chunks_in_place: 1.
 - use_allocation_guard: 0.


Internal statistics:

num_allocs_failed_limit: 11.
num_arena_births: 1130.
num_arena_deaths: 14.
num_vsnodes_births: 2.
num_vsnodes_deaths: 0.
num_space_committed: 934.
num_space_uncommitted: 0.
num_chunks_returned_to_freelist: 25.
num_chunks_taken_from_freelist: 3984.
num_chunk_merges: 14.
num_chunk_splits: 2371.
num_chunks_enlarged: 1198.
num_inconsistent_stats: 0.

CodeHeap 'non-profiled nmethods': size=120000Kb used=3685Kb max_used=3790Kb free=116314Kb
 bounds [0x000002649aac0000, 0x000002649ae80000, 0x00000264a1ff0000]
CodeHeap 'profiled nmethods': size=120000Kb used=17529Kb max_used=18201Kb free=102470Kb
 bounds [0x0000026492ff0000, 0x00000264941c0000, 0x000002649a520000]
CodeHeap 'non-nmethods': size=5760Kb used=1417Kb max_used=1444Kb free=4342Kb
 bounds [0x000002649a520000, 0x000002649a790000, 0x000002649aac0000]
CodeCache: size=245760Kb, used=22631Kb, max_used=23435Kb, free=223126Kb
 total_blobs=9775, nmethods=9062, adapters=619, full_count=0
Compilation: enabled, stopped_count=0, restarted_count=0

Compilation events (20 events):
Event: 31.486 Thread 0x000002648fd8e630 9862   !   3       sun.nio.fs.WindowsFileAttributes::get (275 bytes)
Event: 31.488 Thread 0x000002648fd8e630 nmethod 9862 0x00000264941b0390 code [0x00000264941b0820, 0x00000264941b2620]
Event: 31.488 Thread 0x000002648fd8e630 9863   !   3       sun.nio.fs.WindowsNativeDispatcher::GetFileAttributesEx (73 bytes)
Event: 31.489 Thread 0x000002648fd8e630 nmethod 9863 0x00000264941b3690 code [0x00000264941b38e0, 0x00000264941b3e38]
Event: 31.489 Thread 0x000002648fd8e630 9864       1       sun.nio.fs.WindowsFileAttributes::size (5 bytes)
Event: 31.489 Thread 0x000002648fd8e630 nmethod 9864 0x000002649ae73210 code [0x000002649ae733a0, 0x000002649ae73468]
Event: 31.490 Thread 0x000002648fd8e630 9865       1       java.text.DecimalFormatSymbols::getLocale (5 bytes)
Event: 31.490 Thread 0x000002648fd8e630 nmethod 9865 0x000002649ae73510 code [0x000002649ae736a0, 0x000002649ae73768]
Event: 31.491 Thread 0x000002648fd8e630 9866   !   2       java.nio.DirectByteBuffer::<init> (171 bytes)
Event: 31.492 Thread 0x000002648fd8e630 nmethod 9866 0x00000264941b4190 code [0x00000264941b43e0, 0x00000264941b4bb0]
Event: 31.503 Thread 0x000002648fd8e630 9869       2       org.eclipse.jdt.internal.compiler.impl.IrritantSet::clear (22 bytes)
Event: 31.504 Thread 0x000002648fd8e630 nmethod 9869 0x00000264941b5090 code [0x00000264941b5220, 0x00000264941b5370]
Event: 31.509 Thread 0x000002648fd8e630 9870       2       com.sun.org.apache.xerces.internal.impl.XMLDocumentFragmentScannerImpl::getFeatureDefault (36 bytes)
Event: 31.510 Thread 0x000002648fd8e630 nmethod 9870 0x00000264941b5490 code [0x00000264941b5660, 0x00000264941b5870]
Event: 31.510 Thread 0x000002648fd8e630 9871       2       com.sun.org.apache.xerces.internal.dom.NodeImpl::isIdAttribute (29 bytes)
Event: 31.510 Thread 0x000002648fd8e630 nmethod 9871 0x00000264941b5990 code [0x00000264941b5b20, 0x00000264941b5c48]
Event: 31.518 Thread 0x000002648fd8e630 9872       2       java.net.URI::hash (33 bytes)
Event: 31.519 Thread 0x000002648fd8e630 nmethod 9872 0x00000264941b5d10 code [0x00000264941b5ee0, 0x00000264941b60b8]
Event: 31.519 Thread 0x000002648fd8e630 9873       2       java.net.URI::isOpaque (13 bytes)
Event: 31.519 Thread 0x000002648fd8e630 nmethod 9873 0x00000264941b6210 code [0x00000264941b63a0, 0x00000264941b64b8]

GC Heap History (20 events):
Event: 26.935 GC heap after
{Heap after GC invocations=39 (full 2):
 PSYoungGen      total 15360K, used 608K [0x00000000d5580000, 0x00000000d6580000, 0x0000000100000000)
  eden space 14336K, 0% used [0x00000000d5580000,0x00000000d5580000,0x00000000d6380000)
  from space 1024K, 59% used [0x00000000d6380000,0x00000000d6418000,0x00000000d6480000)
  to   space 1024K, 0% used [0x00000000d6480000,0x00000000d6480000,0x00000000d6580000)
 ParOldGen       total 68608K, used 53353K [0x0000000080000000, 0x0000000084300000, 0x00000000d5580000)
  object space 68608K, 77% used [0x0000000080000000,0x000000008341a708,0x0000000084300000)
 Metaspace       used 54377K, committed 55680K, reserved 1114112K
  class space    used 5947K, committed 6528K, reserved 1048576K
}
Event: 27.031 GC heap before
{Heap before GC invocations=40 (full 2):
 PSYoungGen      total 15360K, used 14944K [0x00000000d5580000, 0x00000000d6580000, 0x0000000100000000)
  eden space 14336K, 100% used [0x00000000d5580000,0x00000000d6380000,0x00000000d6380000)
  from space 1024K, 59% used [0x00000000d6380000,0x00000000d6418000,0x00000000d6480000)
  to   space 1024K, 0% used [0x00000000d6480000,0x00000000d6480000,0x00000000d6580000)
 ParOldGen       total 68608K, used 53353K [0x0000000080000000, 0x0000000084300000, 0x00000000d5580000)
  object space 68608K, 77% used [0x0000000080000000,0x000000008341a708,0x0000000084300000)
 Metaspace       used 54890K, committed 56256K, reserved 1114112K
  class space    used 6015K, committed 6592K, reserved 1048576K
}
Event: 29.049 GC heap after
{Heap after GC invocations=40 (full 2):
 PSYoungGen      total 15360K, used 1024K [0x00000000d5580000, 0x00000000d6580000, 0x0000000100000000)
  eden space 14336K, 0% used [0x00000000d5580000,0x00000000d5580000,0x00000000d6380000)
  from space 1024K, 100% used [0x00000000d6480000,0x00000000d6580000,0x00000000d6580000)
  to   space 1024K, 0% used [0x00000000d6380000,0x00000000d6380000,0x00000000d6480000)
 ParOldGen       total 68608K, used 53993K [0x0000000080000000, 0x0000000084300000, 0x00000000d5580000)
  object space 68608K, 78% used [0x0000000080000000,0x00000000834ba718,0x0000000084300000)
 Metaspace       used 54890K, committed 56256K, reserved 1114112K
  class space    used 6015K, committed 6592K, reserved 1048576K
}
Event: 29.317 GC heap before
{Heap before GC invocations=41 (full 2):
 PSYoungGen      total 15360K, used 15360K [0x00000000d5580000, 0x00000000d6580000, 0x0000000100000000)
  eden space 14336K, 100% used [0x00000000d5580000,0x00000000d6380000,0x00000000d6380000)
  from space 1024K, 100% used [0x00000000d6480000,0x00000000d6580000,0x00000000d6580000)
  to   space 1024K, 0% used [0x00000000d6380000,0x00000000d6380000,0x00000000d6480000)
 ParOldGen       total 68608K, used 53993K [0x0000000080000000, 0x0000000084300000, 0x00000000d5580000)
  object space 68608K, 78% used [0x0000000080000000,0x00000000834ba718,0x0000000084300000)
 Metaspace       used 55106K, committed 56512K, reserved 1114112K
  class space    used 6030K, committed 6656K, reserved 1048576K
}
Event: 29.320 GC heap after
{Heap after GC invocations=41 (full 2):
 PSYoungGen      total 15360K, used 1008K [0x00000000d5580000, 0x00000000d6980000, 0x0000000100000000)
  eden space 14336K, 0% used [0x00000000d5580000,0x00000000d5580000,0x00000000d6380000)
  from space 1024K, 98% used [0x00000000d6380000,0x00000000d647c040,0x00000000d6480000)
  to   space 3072K, 0% used [0x00000000d6680000,0x00000000d6680000,0x00000000d6980000)
 ParOldGen       total 68608K, used 55453K [0x0000000080000000, 0x0000000084300000, 0x00000000d5580000)
  object space 68608K, 80% used [0x0000000080000000,0x0000000083627458,0x0000000084300000)
 Metaspace       used 55106K, committed 56512K, reserved 1114112K
  class space    used 6030K, committed 6656K, reserved 1048576K
}
Event: 29.398 GC heap before
{Heap before GC invocations=42 (full 2):
 PSYoungGen      total 15360K, used 15344K [0x00000000d5580000, 0x00000000d6980000, 0x0000000100000000)
  eden space 14336K, 100% used [0x00000000d5580000,0x00000000d6380000,0x00000000d6380000)
  from space 1024K, 98% used [0x00000000d6380000,0x00000000d647c040,0x00000000d6480000)
  to   space 3072K, 0% used [0x00000000d6680000,0x00000000d6680000,0x00000000d6980000)
 ParOldGen       total 68608K, used 55453K [0x0000000080000000, 0x0000000084300000, 0x00000000d5580000)
  object space 68608K, 80% used [0x0000000080000000,0x0000000083627458,0x0000000084300000)
 Metaspace       used 55212K, committed 56576K, reserved 1114112K
  class space    used 6035K, committed 6656K, reserved 1048576K
}
Event: 29.402 GC heap after
{Heap after GC invocations=42 (full 2):
 PSYoungGen      total 16384K, used 1632K [0x00000000d5580000, 0x00000000d6880000, 0x0000000100000000)
  eden space 14336K, 0% used [0x00000000d5580000,0x00000000d5580000,0x00000000d6380000)
  from space 2048K, 79% used [0x00000000d6680000,0x00000000d6818000,0x00000000d6880000)
  to   space 2048K, 0% used [0x00000000d6480000,0x00000000d6480000,0x00000000d6680000)
 ParOldGen       total 68608K, used 56023K [0x0000000080000000, 0x0000000084300000, 0x00000000d5580000)
  object space 68608K, 81% used [0x0000000080000000,0x00000000836b5f00,0x0000000084300000)
 Metaspace       used 55212K, committed 56576K, reserved 1114112K
  class space    used 6035K, committed 6656K, reserved 1048576K
}
Event: 29.528 GC heap before
{Heap before GC invocations=43 (full 2):
 PSYoungGen      total 16384K, used 15968K [0x00000000d5580000, 0x00000000d6880000, 0x0000000100000000)
  eden space 14336K, 100% used [0x00000000d5580000,0x00000000d6380000,0x00000000d6380000)
  from space 2048K, 79% used [0x00000000d6680000,0x00000000d6818000,0x00000000d6880000)
  to   space 2048K, 0% used [0x00000000d6480000,0x00000000d6480000,0x00000000d6680000)
 ParOldGen       total 68608K, used 56023K [0x0000000080000000, 0x0000000084300000, 0x00000000d5580000)
  object space 68608K, 81% used [0x0000000080000000,0x00000000836b5f00,0x0000000084300000)
 Metaspace       used 55486K, committed 56832K, reserved 1114112K
  class space    used 6048K, committed 6656K, reserved 1048576K
}
Event: 29.531 GC heap after
{Heap after GC invocations=43 (full 2):
 PSYoungGen      total 15872K, used 1418K [0x00000000d5580000, 0x00000000d6780000, 0x0000000100000000)
  eden space 14336K, 0% used [0x00000000d5580000,0x00000000d5580000,0x00000000d6380000)
  from space 1536K, 92% used [0x00000000d6480000,0x00000000d65e28e0,0x00000000d6600000)
  to   space 1536K, 0% used [0x00000000d6600000,0x00000000d6600000,0x00000000d6780000)
 ParOldGen       total 68608K, used 57151K [0x0000000080000000, 0x0000000084300000, 0x00000000d5580000)
  object space 68608K, 83% used [0x0000000080000000,0x00000000837cff00,0x0000000084300000)
 Metaspace       used 55486K, committed 56832K, reserved 1114112K
  class space    used 6048K, committed 6656K, reserved 1048576K
}
Event: 29.583 GC heap before
{Heap before GC invocations=44 (full 2):
 PSYoungGen      total 15872K, used 15754K [0x00000000d5580000, 0x00000000d6780000, 0x0000000100000000)
  eden space 14336K, 100% used [0x00000000d5580000,0x00000000d6380000,0x00000000d6380000)
  from space 1536K, 92% used [0x00000000d6480000,0x00000000d65e28e0,0x00000000d6600000)
  to   space 1536K, 0% used [0x00000000d6600000,0x00000000d6600000,0x00000000d6780000)
 ParOldGen       total 68608K, used 57151K [0x0000000080000000, 0x0000000084300000, 0x00000000d5580000)
  object space 68608K, 83% used [0x0000000080000000,0x00000000837cff00,0x0000000084300000)
 Metaspace       used 55723K, committed 57024K, reserved 1114112K
  class space    used 6064K, committed 6656K, reserved 1048576K
}
Event: 29.585 GC heap after
{Heap after GC invocations=44 (full 2):
 PSYoungGen      total 15360K, used 800K [0x00000000d5580000, 0x00000000d6700000, 0x0000000100000000)
  eden space 14336K, 0% used [0x00000000d5580000,0x00000000d5580000,0x00000000d6380000)
  from space 1024K, 78% used [0x00000000d6600000,0x00000000d66c8000,0x00000000d6700000)
  to   space 1536K, 0% used [0x00000000d6400000,0x00000000d6400000,0x00000000d6580000)
 ParOldGen       total 68608K, used 58260K [0x0000000080000000, 0x0000000084300000, 0x00000000d5580000)
  object space 68608K, 84% used [0x0000000080000000,0x00000000838e5258,0x0000000084300000)
 Metaspace       used 55723K, committed 57024K, reserved 1114112K
  class space    used 6064K, committed 6656K, reserved 1048576K
}
Event: 29.636 GC heap before
{Heap before GC invocations=45 (full 2):
 PSYoungGen      total 15360K, used 15136K [0x00000000d5580000, 0x00000000d6700000, 0x0000000100000000)
  eden space 14336K, 100% used [0x00000000d5580000,0x00000000d6380000,0x00000000d6380000)
  from space 1024K, 78% used [0x00000000d6600000,0x00000000d66c8000,0x00000000d6700000)
  to   space 1536K, 0% used [0x00000000d6400000,0x00000000d6400000,0x00000000d6580000)
 ParOldGen       total 68608K, used 58260K [0x0000000080000000, 0x0000000084300000, 0x00000000d5580000)
  object space 68608K, 84% used [0x0000000080000000,0x00000000838e5258,0x0000000084300000)
 Metaspace       used 56014K, committed 57408K, reserved 1114112K
  class space    used 6085K, committed 6720K, reserved 1048576K
}
Event: 29.638 GC heap after
{Heap after GC invocations=45 (full 2):
 PSYoungGen      total 15872K, used 1536K [0x00000000d5580000, 0x00000000d6980000, 0x0000000100000000)
  eden space 14336K, 0% used [0x00000000d5580000,0x00000000d5580000,0x00000000d6380000)
  from space 1536K, 100% used [0x00000000d6400000,0x00000000d6580000,0x00000000d6580000)
  to   space 3072K, 0% used [0x00000000d6680000,0x00000000d6680000,0x00000000d6980000)
 ParOldGen       total 68608K, used 59108K [0x0000000080000000, 0x0000000084300000, 0x00000000d5580000)
  object space 68608K, 86% used [0x0000000080000000,0x00000000839b9258,0x0000000084300000)
 Metaspace       used 56014K, committed 57408K, reserved 1114112K
  class space    used 6085K, committed 6720K, reserved 1048576K
}
Event: 29.768 GC heap before
{Heap before GC invocations=46 (full 2):
 PSYoungGen      total 15872K, used 15872K [0x00000000d5580000, 0x00000000d6980000, 0x0000000100000000)
  eden space 14336K, 100% used [0x00000000d5580000,0x00000000d6380000,0x00000000d6380000)
  from space 1536K, 100% used [0x00000000d6400000,0x00000000d6580000,0x00000000d6580000)
  to   space 3072K, 0% used [0x00000000d6680000,0x00000000d6680000,0x00000000d6980000)
 ParOldGen       total 68608K, used 59108K [0x0000000080000000, 0x0000000084300000, 0x00000000d5580000)
  object space 68608K, 86% used [0x0000000080000000,0x00000000839b9258,0x0000000084300000)
 Metaspace       used 57200K, committed 58560K, reserved 1114112K
  class space    used 6192K, committed 6784K, reserved 1048576K
}
Event: 29.770 GC heap after
{Heap after GC invocations=46 (full 2):
 PSYoungGen      total 15360K, used 704K [0x00000000d5580000, 0x00000000d6780000, 0x0000000100000000)
  eden space 14336K, 0% used [0x00000000d5580000,0x00000000d5580000,0x00000000d6380000)
  from space 1024K, 68% used [0x00000000d6680000,0x00000000d6730000,0x00000000d6780000)
  to   space 1536K, 0% used [0x00000000d6480000,0x00000000d6480000,0x00000000d6600000)
 ParOldGen       total 68608K, used 59716K [0x0000000080000000, 0x0000000084300000, 0x00000000d5580000)
  object space 68608K, 87% used [0x0000000080000000,0x0000000083a51258,0x0000000084300000)
 Metaspace       used 57200K, committed 58560K, reserved 1114112K
  class space    used 6192K, committed 6784K, reserved 1048576K
}
Event: 30.338 GC heap before
{Heap before GC invocations=47 (full 2):
 PSYoungGen      total 15360K, used 15040K [0x00000000d5580000, 0x00000000d6780000, 0x0000000100000000)
  eden space 14336K, 100% used [0x00000000d5580000,0x00000000d6380000,0x00000000d6380000)
  from space 1024K, 68% used [0x00000000d6680000,0x00000000d6730000,0x00000000d6780000)
  to   space 1536K, 0% used [0x00000000d6480000,0x00000000d6480000,0x00000000d6600000)
 ParOldGen       total 68608K, used 59716K [0x0000000080000000, 0x0000000084300000, 0x00000000d5580000)
  object space 68608K, 87% used [0x0000000080000000,0x0000000083a51258,0x0000000084300000)
 Metaspace       used 57461K, committed 58880K, reserved 1114112K
  class space    used 6211K, committed 6784K, reserved 1048576K
}
Event: 30.341 GC heap after
{Heap after GC invocations=47 (full 2):
 PSYoungGen      total 15872K, used 384K [0x00000000d5580000, 0x00000000d6700000, 0x0000000100000000)
  eden space 14336K, 0% used [0x00000000d5580000,0x00000000d5580000,0x00000000d6380000)
  from space 1536K, 25% used [0x00000000d6480000,0x00000000d64e0000,0x00000000d6600000)
  to   space 1024K, 0% used [0x00000000d6600000,0x00000000d6600000,0x00000000d6700000)
 ParOldGen       total 68608K, used 60244K [0x0000000080000000, 0x0000000084300000, 0x00000000d5580000)
  object space 68608K, 87% used [0x0000000080000000,0x0000000083ad5278,0x0000000084300000)
 Metaspace       used 57461K, committed 58880K, reserved 1114112K
  class space    used 6211K, committed 6784K, reserved 1048576K
}
Event: 31.532 GC heap before
{Heap before GC invocations=48 (full 2):
 PSYoungGen      total 15872K, used 8479K [0x00000000d5580000, 0x00000000d6700000, 0x0000000100000000)
  eden space 14336K, 56% used [0x00000000d5580000,0x00000000d5d67f88,0x00000000d6380000)
  from space 1536K, 25% used [0x00000000d6480000,0x00000000d64e0000,0x00000000d6600000)
  to   space 1024K, 0% used [0x00000000d6600000,0x00000000d6600000,0x00000000d6700000)
 ParOldGen       total 68608K, used 60244K [0x0000000080000000, 0x0000000084300000, 0x00000000d5580000)
  object space 68608K, 87% used [0x0000000080000000,0x0000000083ad5278,0x0000000084300000)
 Metaspace       used 58436K, committed 59776K, reserved 1114112K
  class space    used 6288K, committed 6848K, reserved 1048576K
}
Event: 31.534 GC heap after
{Heap after GC invocations=48 (full 2):
 PSYoungGen      total 15360K, used 735K [0x00000000d5580000, 0x00000000d6700000, 0x0000000100000000)
  eden space 14336K, 0% used [0x00000000d5580000,0x00000000d5580000,0x00000000d6380000)
  from space 1024K, 71% used [0x00000000d6600000,0x00000000d66b7ca0,0x00000000d6700000)
  to   space 1024K, 0% used [0x00000000d6500000,0x00000000d6500000,0x00000000d6600000)
 ParOldGen       total 68608K, used 60324K [0x0000000080000000, 0x0000000084300000, 0x00000000d5580000)
  object space 68608K, 87% used [0x0000000080000000,0x0000000083ae9278,0x0000000084300000)
 Metaspace       used 58436K, committed 59776K, reserved 1114112K
  class space    used 6288K, committed 6848K, reserved 1048576K
}
Event: 31.534 GC heap before
{Heap before GC invocations=49 (full 3):
 PSYoungGen      total 15360K, used 735K [0x00000000d5580000, 0x00000000d6700000, 0x0000000100000000)
  eden space 14336K, 0% used [0x00000000d5580000,0x00000000d5580000,0x00000000d6380000)
  from space 1024K, 71% used [0x00000000d6600000,0x00000000d66b7ca0,0x00000000d6700000)
  to   space 1024K, 0% used [0x00000000d6500000,0x00000000d6500000,0x00000000d6600000)
 ParOldGen       total 68608K, used 60324K [0x0000000080000000, 0x0000000084300000, 0x00000000d5580000)
  object space 68608K, 87% used [0x0000000080000000,0x0000000083ae9278,0x0000000084300000)
 Metaspace       used 58436K, committed 59776K, reserved 1114112K
  class space    used 6288K, committed 6848K, reserved 1048576K
}

Dll operation events (10 events):
Event: 0.019 Loaded shared library c:\Users\ashok\.vscode\extensions\redhat.java-1.55.0-win32-x64\jre\21.0.11-win32-x86_64\bin\java.dll
Event: 0.320 Loaded shared library c:\Users\ashok\.vscode\extensions\redhat.java-1.55.0-win32-x64\jre\21.0.11-win32-x86_64\bin\zip.dll
Event: 1.379 Loaded shared library C:\Users\ashok\.vscode\extensions\redhat.java-1.55.0-win32-x64\jre\21.0.11-win32-x86_64\bin\instrument.dll
Event: 1.384 Loaded shared library C:\Users\ashok\.vscode\extensions\redhat.java-1.55.0-win32-x64\jre\21.0.11-win32-x86_64\bin\net.dll
Event: 1.386 Loaded shared library C:\Users\ashok\.vscode\extensions\redhat.java-1.55.0-win32-x64\jre\21.0.11-win32-x86_64\bin\nio.dll
Event: 1.390 Loaded shared library C:\Users\ashok\.vscode\extensions\redhat.java-1.55.0-win32-x64\jre\21.0.11-win32-x86_64\bin\zip.dll
Event: 1.412 Loaded shared library C:\Users\ashok\.vscode\extensions\redhat.java-1.55.0-win32-x64\jre\21.0.11-win32-x86_64\bin\jimage.dll
Event: 3.522 Loaded shared library c:\Users\ashok\.vscode\extensions\redhat.java-1.55.0-win32-x64\jre\21.0.11-win32-x86_64\bin\verify.dll
Event: 4.796 Loaded shared library C:\Users\ashok\AppData\Roaming\Code\User\globalStorage\redhat.java\1.55.0\config_win\org.eclipse.equinox.launcher\org.eclipse.equinox.launcher.win32.win32.x86_64_1.3.100.v20260613-0559\eclipse_11924.dll
Event: 8.273 Loaded shared library C:\Users\ashok\AppData\Local\Temp\jna-93110994\jna15557725455671007517.dll

Deoptimization events (20 events):
Event: 29.989 Thread 0x00000264e966b450 Uncommon trap: trap_request=0xffffff45 fr.pc=0x000002649ab8b8bc relative=0x000000000000045c
Event: 29.989 Thread 0x00000264e966b450 Uncommon trap: reason=unstable_if action=reinterpret pc=0x000002649ab8b8bc method=java.util.jar.Manifest$FastInputStream.readLine([BII)I @ 106 c2
Event: 29.989 Thread 0x00000264e966b450 DEOPT PACKING pc=0x000002649ab8b8bc sp=0x00000068231fd530
Event: 29.989 Thread 0x00000264e966b450 DEOPT UNPACKING pc=0x000002649a576da2 sp=0x00000068231fd468 mode 2
Event: 29.989 Thread 0x00000264e966b450 Uncommon trap: trap_request=0xffffff45 fr.pc=0x000002649ab144f0 relative=0x0000000000000490
Event: 29.989 Thread 0x00000264e966b450 Uncommon trap: reason=unstable_if action=reinterpret pc=0x000002649ab144f0 method=java.util.jar.Manifest$FastInputStream.readLine([BII)I @ 106 c2
Event: 29.989 Thread 0x00000264e966b450 DEOPT PACKING pc=0x000002649ab144f0 sp=0x00000068231fd4b0
Event: 29.989 Thread 0x00000264e966b450 DEOPT UNPACKING pc=0x000002649a576da2 sp=0x00000068231fd460 mode 2
Event: 29.989 Thread 0x00000264e966b450 Uncommon trap: trap_request=0xffffff45 fr.pc=0x000002649ab8c1d8 relative=0x00000000000000b8
Event: 29.989 Thread 0x00000264e966b450 Uncommon trap: reason=unstable_if action=reinterpret pc=0x000002649ab8c1d8 method=java.util.jar.Manifest$FastInputStream.peek()B @ 23 c2
Event: 29.989 Thread 0x00000264e966b450 DEOPT PACKING pc=0x000002649ab8c1d8 sp=0x00000068231fd580
Event: 29.989 Thread 0x00000264e966b450 DEOPT UNPACKING pc=0x000002649a576da2 sp=0x00000068231fd518 mode 2
Event: 30.045 Thread 0x00000264e966b450 DEOPT PACKING pc=0x00000264935769b9 sp=0x00000068231fd590
Event: 30.045 Thread 0x00000264e966b450 DEOPT UNPACKING pc=0x000002649a5778e2 sp=0x00000068231fca90 mode 0
Event: 30.355 Thread 0x00000264e966b450 DEOPT PACKING pc=0x0000026493f22220 sp=0x00000068231fe0c0
Event: 30.355 Thread 0x00000264e966b450 DEOPT UNPACKING pc=0x000002649a5778e2 sp=0x00000068231fd5c8 mode 3
Event: 30.356 Thread 0x00000264e966b450 Uncommon trap: trap_request=0xffffff45 fr.pc=0x000002649ae0bdb4 relative=0x0000000000000d74
Event: 30.356 Thread 0x00000264e966b450 Uncommon trap: reason=unstable_if action=reinterpret pc=0x000002649ae0bdb4 method=java.util.concurrent.ConcurrentHashMap.putVal(Ljava/lang/Object;Ljava/lang/Object;Z)Ljava/lang/Object; @ 245 c2
Event: 30.356 Thread 0x00000264e966b450 DEOPT PACKING pc=0x000002649ae0bdb4 sp=0x00000068231fe2e0
Event: 30.356 Thread 0x00000264e966b450 DEOPT UNPACKING pc=0x000002649a576da2 sp=0x00000068231fe268 mode 2

Classes loaded (20 events):
Event: 26.635 Loading class java/util/Vector$1
Event: 26.636 Loading class java/util/Vector$1 done
Event: 29.403 Loading class sun/nio/cs/ISO_8859_1$Decoder
Event: 29.404 Loading class sun/nio/cs/ISO_8859_1$Decoder done
Event: 29.609 Loading class java/util/stream/ReferencePipeline$4
Event: 29.609 Loading class java/util/stream/ReferencePipeline$4 done
Event: 29.610 Loading class java/util/stream/Nodes$IntFixedNodeBuilder
Event: 29.611 Loading class java/util/stream/Node$Builder$OfInt
Event: 29.611 Loading class java/util/stream/Node$Builder$OfInt done
Event: 29.611 Loading class java/util/stream/Nodes$IntArrayNode
Event: 29.612 Loading class java/util/stream/Nodes$IntArrayNode done
Event: 29.612 Loading class java/util/stream/Nodes$IntFixedNodeBuilder done
Event: 29.612 Loading class java/util/stream/ReferencePipeline$4$1
Event: 29.612 Loading class java/util/stream/ReferencePipeline$4$1 done
Event: 29.728 Loading class java/util/Hashtable$ValueCollection
Event: 29.728 Loading class java/util/Hashtable$ValueCollection done
Event: 30.418 Loading class java/util/ImmutableCollections$SubList
Event: 30.418 Loading class java/util/ImmutableCollections$SubList done
Event: 30.450 Loading class java/util/zip/CheckedInputStream
Event: 30.451 Loading class java/util/zip/CheckedInputStream done

Classes unloaded (10 events):
Event: 18.222 Thread 0x000002648fd41470 Unloading class 0x00000264a81a9400 'java/lang/invoke/LambdaForm$MH+0x00000264a81a9400'
Event: 18.222 Thread 0x000002648fd41470 Unloading class 0x00000264a81a9000 'java/lang/invoke/LambdaForm$MH+0x00000264a81a9000'
Event: 18.222 Thread 0x000002648fd41470 Unloading class 0x00000264a81a8c00 'java/lang/invoke/LambdaForm$MH+0x00000264a81a8c00'
Event: 18.222 Thread 0x000002648fd41470 Unloading class 0x00000264a81a8800 'java/lang/invoke/LambdaForm$MH+0x00000264a81a8800'
Event: 18.222 Thread 0x000002648fd41470 Unloading class 0x00000264a81a8400 'java/lang/invoke/LambdaForm$BMH+0x00000264a81a8400'
Event: 18.222 Thread 0x000002648fd41470 Unloading class 0x00000264a81a8000 'java/lang/invoke/LambdaForm$DMH+0x00000264a81a8000'
Event: 18.222 Thread 0x000002648fd41470 Unloading class 0x00000264a81a6c00 'java/lang/invoke/LambdaForm$DMH+0x00000264a81a6c00'
Event: 31.554 Thread 0x000002648fd41470 Unloading class 0x00000264a8679000 'java/lang/invoke/LambdaForm$DMH+0x00000264a8679000'
Event: 31.554 Thread 0x000002648fd41470 Unloading class 0x00000264a8678400 'java/lang/invoke/LambdaForm$DMH+0x00000264a8678400'
Event: 31.554 Thread 0x000002648fd41470 Unloading class 0x00000264a8678800 'java/lang/invoke/LambdaForm$DMH+0x00000264a8678800'

Classes redefined (0 events):
No events

Internal exceptions (20 events):
Event: 29.658 Thread 0x00000264eea52080 Exception <a 'java/lang/NullPointerException'{0x00000000d57f9038}> (0x00000000d57f9038) 
thrown [s\src\hotspot\share\interpreter\linkResolver.cpp, line 1372]
Event: 29.658 Thread 0x00000264eea52080 Exception <a 'java/lang/NullPointerException'{0x00000000d57f9598}> (0x00000000d57f9598) 
thrown [s\src\hotspot\share\interpreter\linkResolver.cpp, line 1372]
Event: 29.658 Thread 0x00000264eea52080 Exception <a 'java/lang/NullPointerException'{0x00000000d57f9a20}> (0x00000000d57f9a20) 
thrown [s\src\hotspot\share\interpreter\linkResolver.cpp, line 1372]
Event: 29.659 Thread 0x00000264eea52080 Exception <a 'java/lang/NullPointerException'{0x00000000d57f9f98}> (0x00000000d57f9f98) 
thrown [s\src\hotspot\share\interpreter\linkResolver.cpp, line 1372]
Event: 29.661 Thread 0x00000264eea52080 Exception <a 'java/lang/NullPointerException'{0x00000000d5a11938}> (0x00000000d5a11938) 
thrown [s\src\hotspot\share\interpreter\linkResolver.cpp, line 1372]
Event: 29.663 Thread 0x00000264eea52080 Exception <a 'java/lang/NullPointerException'{0x00000000d5a12420}> (0x00000000d5a12420) 
thrown [s\src\hotspot\share\interpreter\linkResolver.cpp, line 1372]
Event: 29.663 Thread 0x00000264eea52080 Exception <a 'java/lang/NullPointerException'{0x00000000d5a129d8}> (0x00000000d5a129d8) 
thrown [s\src\hotspot\share\interpreter\linkResolver.cpp, line 1372]
Event: 29.664 Thread 0x00000264eea52080 Exception <a 'java/lang/NullPointerException'{0x00000000d5a12f98}> (0x00000000d5a12f98) 
thrown [s\src\hotspot\share\interpreter\linkResolver.cpp, line 1372]
Event: 29.664 Thread 0x00000264eea52080 Exception <a 'java/lang/NullPointerException'{0x00000000d5a13430}> (0x00000000d5a13430) 
thrown [s\src\hotspot\share\interpreter\linkResolver.cpp, line 1372]
Event: 29.664 Thread 0x00000264eea52080 Exception <a 'java/lang/NullPointerException'{0x00000000d5a13958}> (0x00000000d5a13958) 
thrown [s\src\hotspot\share\interpreter\linkResolver.cpp, line 1372]
Event: 29.669 Thread 0x00000264eea52080 Exception <a 'java/lang/NullPointerException'{0x00000000d5ad5b20}> (0x00000000d5ad5b20) 
thrown [s\src\hotspot\share\interpreter\linkResolver.cpp, line 1372]
Event: 29.670 Thread 0x00000264eea52080 Exception <a 'java/lang/NullPointerException'{0x00000000d5ad6150}> (0x00000000d5ad6150) 
thrown [s\src\hotspot\share\interpreter\linkResolver.cpp, line 1372]
Event: 29.670 Thread 0x00000264eea52080 Exception <a 'java/lang/NullPointerException'{0x00000000d5ad66f8}> (0x00000000d5ad66f8) 
thrown [s\src\hotspot\share\interpreter\linkResolver.cpp, line 1372]
Event: 29.743 Thread 0x00000264eea52080 Exception <a 'java/lang/NoSuchMethodError'{0x00000000d61bfe58}: 'java.lang.Object java.lang.invoke.DirectMethodHandle$Holder.invokeStatic(java.lang.Object, java.lang.Object, int, java.lang.Object)'> (0x00000000d61bfe58) 
thrown [s\src\hotspot\share\interpreter\linkResolver.cpp, line 773]
Event: 29.744 Thread 0x00000264eea52080 Exception <a 'java/lang/NoSuchMethodError'{0x00000000d61d5878}: 'java.lang.Object java.lang.invoke.DirectMethodHandle$Holder.newInvokeSpecial(java.lang.Object, java.lang.Object, int)'> (0x00000000d61d5878) 
thrown [s\src\hotspot\share\interpreter\linkResolver.cpp, line 773]
Event: 29.747 Thread 0x00000264e966b450 Exception <a 'sun/nio/fs/WindowsException'{0x00000000d61f1620}> (0x00000000d61f1620) 
thrown [s\src\hotspot\share\prims\jni.cpp, line 520]
Event: 29.747 Thread 0x00000264e966b450 Exception <a 'sun/nio/fs/WindowsException'{0x00000000d61f2128}> (0x00000000d61f2128) 
thrown [s\src\hotspot\share\prims\jni.cpp, line 520]
Event: 30.402 Thread 0x00000264eea50640 Exception <a 'java/io/FileNotFoundException'{0x00000000d577ee70}> (0x00000000d577ee70) 
thrown [s\src\hotspot\share\prims\jni.cpp, line 520]
Event: 30.402 Thread 0x00000264eea50640 Exception <a 'java/io/FileNotFoundException'{0x00000000d5780208}> (0x00000000d5780208) 
thrown [s\src\hotspot\share\prims\jni.cpp, line 520]
Event: 30.402 Thread 0x00000264eea50640 Exception <a 'java/io/FileNotFoundException'{0x00000000d5781220}> (0x00000000d5781220) 
thrown [s\src\hotspot\share\prims\jni.cpp, line 520]

ZGC Phase Switch (0 events):
No events

VM Operations (20 events):
Event: 29.320 Executing safepoint VM operation: ParallelGCFailedAllocation (Allocation Failure) done
Event: 29.398 Executing safepoint VM operation: ParallelGCFailedAllocation (Allocation Failure)
Event: 29.402 Executing safepoint VM operation: ParallelGCFailedAllocation (Allocation Failure) done
Event: 29.528 Executing safepoint VM operation: ParallelGCFailedAllocation (Allocation Failure)
Event: 29.531 Executing safepoint VM operation: ParallelGCFailedAllocation (Allocation Failure) done
Event: 29.583 Executing safepoint VM operation: ParallelGCFailedAllocation (Allocation Failure)
Event: 29.585 Executing safepoint VM operation: ParallelGCFailedAllocation (Allocation Failure) done
Event: 29.635 Executing safepoint VM operation: ParallelGCFailedAllocation (Allocation Failure)
Event: 29.639 Executing safepoint VM operation: ParallelGCFailedAllocation (Allocation Failure) done
Event: 29.768 Executing safepoint VM operation: ParallelGCFailedAllocation (Allocation Failure)
Event: 29.770 Executing safepoint VM operation: ParallelGCFailedAllocation (Allocation Failure) done
Event: 30.338 Executing safepoint VM operation: ParallelGCFailedAllocation (Allocation Failure)
Event: 30.341 Executing safepoint VM operation: ParallelGCFailedAllocation (Allocation Failure) done
Event: 30.354 Executing non-safepoint VM operation: HandshakeAllThreads (Deoptimize)
Event: 30.355 Executing non-safepoint VM operation: HandshakeAllThreads (Deoptimize) done
Event: 30.372 Executing non-safepoint VM operation: HandshakeAllThreads (Deoptimize)
Event: 30.372 Executing non-safepoint VM operation: HandshakeAllThreads (Deoptimize) done
Event: 31.373 Executing safepoint VM operation: Cleanup
Event: 31.373 Executing safepoint VM operation: Cleanup done
Event: 31.532 Executing safepoint VM operation: CollectForMetadataAllocation (Metadata GC Threshold)

Memory protections (0 events):
No events

Nmethod flushes (20 events):
Event: 32.542 Thread 0x000002648fd41470 flushing  nmethod 0x00000264938f8810
Event: 32.542 Thread 0x000002648fd41470 flushing  nmethod 0x000002649391a590
Event: 32.542 Thread 0x000002648fd41470 flushing  nmethod 0x000002649391bc10
Event: 32.542 Thread 0x000002648fd41470 flushing  nmethod 0x000002649391c090
Event: 32.542 Thread 0x000002648fd41470 flushing  nmethod 0x000002649391c610
Event: 32.542 Thread 0x000002648fd41470 flushing  nmethod 0x000002649391cb90
Event: 32.542 Thread 0x000002648fd41470 flushing  nmethod 0x000002649391e310
Event: 32.542 Thread 0x000002648fd41470 flushing  nmethod 0x000002649391f290
Event: 32.542 Thread 0x000002648fd41470 flushing  nmethod 0x000002649391f890
Event: 32.542 Thread 0x000002648fd41470 flushing  nmethod 0x0000026493920490
Event: 32.542 Thread 0x000002648fd41470 flushing  nmethod 0x0000026493920a10
Event: 32.542 Thread 0x000002648fd41470 flushing  nmethod 0x0000026493920d90
Event: 32.542 Thread 0x000002648fd41470 flushing  nmethod 0x0000026493921290
Event: 32.542 Thread 0x000002648fd41470 flushing  nmethod 0x0000026493921790
Event: 32.542 Thread 0x000002648fd41470 flushing  nmethod 0x0000026493922390
Event: 32.542 Thread 0x000002648fd41470 flushing  nmethod 0x0000026493926910
Event: 32.542 Thread 0x000002648fd41470 flushing  nmethod 0x000002649392b410
Event: 32.542 Thread 0x000002648fd41470 flushing  nmethod 0x000002649392da10
Event: 32.542 Thread 0x000002648fd41470 flushing  nmethod 0x000002649393d410
Event: 32.542 Thread 0x000002648fd41470 flushing  nmethod 0x0000026493951d10

Events (20 events):
Event: 22.252 Thread 0x00000264ef972610 Thread added: 0x00000264ef972ca0
Event: 22.912 Thread 0x00000264eea4ec00 Thread added: 0x00000264ef973330
Event: 23.670 Thread 0x00000264ef973330 Thread exited: 0x00000264ef973330
Event: 23.791 Thread 0x00000264ef970540 Thread added: 0x00000264ef973330
Event: 23.796 Thread 0x00000264ef970540 Thread added: 0x00000264e966c170
Event: 23.800 Thread 0x00000264e966c170 Thread added: 0x00000264e9669a10
Event: 23.804 Thread 0x00000264e9669a10 Thread added: 0x00000264e966b450
Event: 23.805 Thread 0x00000264e966b450 Thread added: 0x00000264e9669380
Event: 23.806 Thread 0x00000264e9669380 Thread added: 0x00000264e966bae0
Event: 23.806 Thread 0x00000264e966bae0 Thread added: 0x00000264e966a0a0
Event: 27.006 Thread 0x00000264e966b450 Thread added: 0x00000264e966dbb0
Event: 27.007 Thread 0x00000264e966b450 Thread added: 0x00000264e966ce90
Event: 27.007 Thread 0x00000264e966b450 Thread added: 0x00000264e966c800
Event: 27.007 Thread 0x00000264e966b450 Thread added: 0x00000264e966a730
Event: 27.008 Thread 0x00000264e966b450 Thread added: 0x00000264e966e240
Event: 29.665 Thread 0x00000264e966e240 Thread exited: 0x00000264e966e240
Event: 29.665 Thread 0x00000264e966a730 Thread exited: 0x00000264e966a730
Event: 29.665 Thread 0x00000264e966dbb0 Thread exited: 0x00000264e966dbb0
Event: 29.666 Thread 0x00000264e966c800 Thread exited: 0x00000264e966c800
Event: 29.666 Thread 0x00000264e966ce90 Thread exited: 0x00000264e966ce90


Dynamic libraries:
0x00007ff638180000 - 0x00007ff63818e000 	c:\Users\ashok\.vscode\extensions\redhat.java-1.55.0-win32-x64\jre\21.0.11-win32-x86_64\bin\java.exe
0x00007ffbc54c0000 - 0x00007ffbc5726000 	C:\WINDOWS\SYSTEM32\ntdll.dll
0x00007ffbc40f0000 - 0x00007ffbc41b9000 	C:\WINDOWS\System32\KERNEL32.DLL
0x00007ffbc2780000 - 0x00007ffbc2b7f000 	C:\WINDOWS\System32\KERNELBASE.dll
0x00007ffbc2ea0000 - 0x00007ffbc2fec000 	C:\WINDOWS\System32\ucrtbase.dll
0x00007ffb80f40000 - 0x00007ffb80f5e000 	c:\Users\ashok\.vscode\extensions\redhat.java-1.55.0-win32-x64\jre\21.0.11-win32-x86_64\bin\VCRUNTIME140.dll
0x00007ffb80f20000 - 0x00007ffb80f38000 	c:\Users\ashok\.vscode\extensions\redhat.java-1.55.0-win32-x64\jre\21.0.11-win32-x86_64\bin\jli.dll
0x00007ffbc3e90000 - 0x00007ffbc4056000 	C:\WINDOWS\System32\USER32.dll
0x00007ffba8370000 - 0x00007ffba8601000 	C:\WINDOWS\WinSxS\amd64_microsoft.windows.common-controls_6595b64144ccf1df_6.0.26100.8972_none_3e0da176e32f9d4b\COMCTL32.dll
0x00007ffbc3000000 - 0x00007ffbc3027000 	C:\WINDOWS\System32\win32u.dll
0x00007ffbc44d0000 - 0x00007ffbc4579000 	C:\WINDOWS\System32\msvcrt.dll
0x00007ffbc4360000 - 0x00007ffbc438b000 	C:\WINDOWS\System32\GDI32.dll
0x00007ffbc30c0000 - 0x00007ffbc31e9000 	C:\WINDOWS\System32\gdi32full.dll
0x00007ffbc26d0000 - 0x00007ffbc2773000 	C:\WINDOWS\System32\msvcp_win.dll
0x00007ffbc4390000 - 0x00007ffbc43c2000 	C:\WINDOWS\System32\IMM32.DLL
0x00007ffbab340000 - 0x00007ffbab34c000 	c:\Users\ashok\.vscode\extensions\redhat.java-1.55.0-win32-x64\jre\21.0.11-win32-x86_64\bin\vcruntime140_1.dll
0x00007ffb6da60000 - 0x00007ffb6daed000 	c:\Users\ashok\.vscode\extensions\redhat.java-1.55.0-win32-x64\jre\21.0.11-win32-x86_64\bin\msvcp140.dll
0x00007ffb23060000 - 0x00007ffb23e02000 	c:\Users\ashok\.vscode\extensions\redhat.java-1.55.0-win32-x64\jre\21.0.11-win32-x86_64\bin\server\jvm.dll
0x00007ffbc39e0000 - 0x00007ffbc3a9c000 	C:\WINDOWS\System32\ADVAPI32.dll
0x00007ffbc3250000 - 0x00007ffbc32f9000 	C:\WINDOWS\System32\sechost.dll
0x00007ffbc3b90000 - 0x00007ffbc3ca8000 	C:\WINDOWS\System32\RPCRT4.dll
0x00007ffbc3cb0000 - 0x00007ffbc3d32000 	C:\WINDOWS\System32\WS2_32.dll
0x00007ffbc2530000 - 0x00007ffbc258e000 	C:\WINDOWS\SYSTEM32\POWRPROF.dll
0x00007ffbba9d0000 - 0x00007ffbbaa06000 	C:\WINDOWS\SYSTEM32\WINMM.dll
0x00007ffbba240000 - 0x00007ffbba24b000 	C:\WINDOWS\SYSTEM32\VERSION.dll
0x00007ffbc2510000 - 0x00007ffbc2525000 	C:\WINDOWS\SYSTEM32\UMPDC.dll
0x00007ffbc13c0000 - 0x00007ffbc13db000 	C:\WINDOWS\SYSTEM32\kernel.appcore.dll
0x00007ffba9f80000 - 0x00007ffba9f8a000 	c:\Users\ashok\.vscode\extensions\redhat.java-1.55.0-win32-x64\jre\21.0.11-win32-x86_64\bin\jimage.dll
0x00007ffbbfb10000 - 0x00007ffbbfd52000 	C:\WINDOWS\SYSTEM32\DBGHELP.DLL
0x00007ffbc4ea0000 - 0x00007ffbc5225000 	C:\WINDOWS\System32\combase.dll
0x00007ffbc3ab0000 - 0x00007ffbc3b89000 	C:\WINDOWS\System32\OLEAUT32.dll
0x00007ffbab570000 - 0x00007ffbab5ab000 	C:\WINDOWS\SYSTEM32\dbgcore.DLL
0x00007ffbc2d20000 - 0x00007ffbc2dcc000 	C:\WINDOWS\System32\bcryptPrimitives.dll
0x00007ffb9f130000 - 0x00007ffb9f13f000 	c:\Users\ashok\.vscode\extensions\redhat.java-1.55.0-win32-x64\jre\21.0.11-win32-x86_64\bin\instrument.dll
0x00007ffb80e90000 - 0x00007ffb80eb0000 	c:\Users\ashok\.vscode\extensions\redhat.java-1.55.0-win32-x64\jre\21.0.11-win32-x86_64\bin\java.dll
0x00007ffbc4710000 - 0x00007ffbc4e98000 	C:\WINDOWS\System32\SHELL32.dll
0x00007ffbc0160000 - 0x00007ffbc09fb000 	C:\WINDOWS\SYSTEM32\windows.storage.dll
0x00007ffbc43d0000 - 0x00007ffbc44c9000 	C:\WINDOWS\System32\SHCORE.dll
0x00007ffbc5410000 - 0x00007ffbc5476000 	C:\WINDOWS\System32\shlwapi.dll
0x00007ffbc25f0000 - 0x00007ffbc2619000 	C:\WINDOWS\SYSTEM32\profapi.dll
0x00007ffb7fc20000 - 0x00007ffb7fc38000 	c:\Users\ashok\.vscode\extensions\redhat.java-1.55.0-win32-x64\jre\21.0.11-win32-x86_64\bin\zip.dll
0x00007ffb9ead0000 - 0x00007ffb9eae0000 	C:\Users\ashok\.vscode\extensions\redhat.java-1.55.0-win32-x64\jre\21.0.11-win32-x86_64\bin\net.dll
0x00007ffbb3a40000 - 0x00007ffbb3b67000 	C:\WINDOWS\SYSTEM32\WINHTTP.dll
0x00007ffbc1970000 - 0x00007ffbc19dc000 	C:\WINDOWS\system32\mswsock.dll
0x00007ffb7e820000 - 0x00007ffb7e836000 	C:\Users\ashok\.vscode\extensions\redhat.java-1.55.0-win32-x64\jre\21.0.11-win32-x86_64\bin\nio.dll
0x00007ffb9ea70000 - 0x00007ffb9ea80000 	c:\Users\ashok\.vscode\extensions\redhat.java-1.55.0-win32-x64\jre\21.0.11-win32-x86_64\bin\verify.dll
0x00007ffb6f690000 - 0x00007ffb6f6d5000 	C:\Users\ashok\AppData\Roaming\Code\User\globalStorage\redhat.java\1.55.0\config_win\org.eclipse.equinox.launcher\org.eclipse.equinox.launcher.win32.win32.x86_64_1.3.100.v20260613-0559\eclipse_11924.dll
0x00007ffbc33b0000 - 0x00007ffbc3549000 	C:\WINDOWS\System32\ole32.dll
0x00007ffbc1c60000 - 0x00007ffbc1c7b000 	C:\WINDOWS\SYSTEM32\CRYPTSP.dll
0x00007ffbc1320000 - 0x00007ffbc1359000 	C:\WINDOWS\system32\rsaenh.dll
0x00007ffbc1a20000 - 0x00007ffbc1a52000 	C:\WINDOWS\SYSTEM32\USERENV.dll
0x00007ffbc25c0000 - 0x00007ffbc25ea000 	C:\WINDOWS\SYSTEM32\bcrypt.dll
0x00007ffbc1c80000 - 0x00007ffbc1c8c000 	C:\WINDOWS\SYSTEM32\CRYPTBASE.dll
0x00007ffbc0dc0000 - 0x00007ffbc0df3000 	C:\WINDOWS\SYSTEM32\IPHLPAPI.DLL
0x00007ffbc31f0000 - 0x00007ffbc31fa000 	C:\WINDOWS\System32\NSI.dll
0x00007ffb6df20000 - 0x00007ffb6df69000 	C:\Users\ashok\AppData\Local\Temp\jna-93110994\jna15557725455671007517.dll
0x00007ffbc3dc0000 - 0x00007ffbc3dc8000 	C:\WINDOWS\System32\PSAPI.DLL
0x00007ffbbbbe0000 - 0x00007ffbbbbfd000 	C:\WINDOWS\SYSTEM32\dhcpcsvc6.DLL
0x00007ffbbbbb0000 - 0x00007ffbbbbd5000 	C:\WINDOWS\SYSTEM32\dhcpcsvc.DLL

JVMTI agents:
c:\Users\ashok\.vscode\extensions\redhat.java-1.55.0-win32-x64\lombok\lombok-1.18.39-4050.jar path:c:\Users\ashok\.vscode\extensions\redhat.java-1.55.0-win32-x64\jre\21.0.11-win32-x86_64\bin\instrument.dll, loaded, initialized, instrumentlib options:none

dbghelp: loaded successfully - version: 4.0.5 - missing functions: none
symbol engine: initialized successfully - sym options: 0x614 - pdb path: .;c:\Users\ashok\.vscode\extensions\redhat.java-1.55.0-win32-x64\jre\21.0.11-win32-x86_64\bin;C:\WINDOWS\SYSTEM32;C:\WINDOWS\WinSxS\amd64_microsoft.windows.common-controls_6595b64144ccf1df_6.0.26100.8972_none_3e0da176e32f9d4b;c:\Users\ashok\.vscode\extensions\redhat.java-1.55.0-win32-x64\jre\21.0.11-win32-x86_64\bin\server;C:\Users\ashok\AppData\Roaming\Code\User\globalStorage\redhat.java\1.55.0\config_win\org.eclipse.equinox.launcher\org.eclipse.equinox.launcher.win32.win32.x86_64_1.3.100.v20260613-0559;C:\Users\ashok\AppData\Local\Temp\jna-93110994

VM Arguments:
jvm_args: --add-modules=ALL-SYSTEM --add-opens=java.base/java.util=ALL-UNNAMED --add-opens=java.base/java.lang=ALL-UNNAMED --add-opens=java.base/sun.nio.fs=ALL-UNNAMED -Declipse.application=org.eclipse.jdt.ls.core.id1 -Dosgi.bundles.defaultStartLevel=4 -Declipse.product=org.eclipse.jdt.ls.core.product -Djava.import.generatesMetadataFilesAtProjectRoot=false -DDetectVMInstallationsJob.disabled=true -Dfile.encoding=utf8 -XX:+UseParallelGC -XX:GCTimeRatio=4 -XX:AdaptiveSizePolicyWeight=90 -Dsun.zip.disableMemoryMapping=true -Xmx2G -Xms100m -Xlog:disable -javaagent:c:\Users\ashok\.vscode\extensions\redhat.java-1.55.0-win32-x64\lombok\lombok-1.18.39-4050.jar -XX:+HeapDumpOnOutOfMemoryError -XX:HeapDumpPath=c:\Users\ashok\AppData\Roaming\Code\User\workspaceStorage\f49809eafe7ac7954cc2c2667eb9384f\redhat.java -Daether.dependencyCollector.impl=bf 
java_command: c:\Users\ashok\.vscode\extensions\redhat.java-1.55.0-win32-x64\server\plugins\org.eclipse.equinox.launcher_1.7.200.v20260619-2039.jar -configuration c:\Users\ashok\AppData\Roaming\Code\User\globalStorage\redhat.java\1.55.0\config_win -data c:\Users\ashok\AppData\Roaming\Code\User\workspaceStorage\f49809eafe7ac7954cc2c2667eb9384f\redhat.java\jdt_ws --pipe=\\.\pipe\lsp-219342a72c2c7f68017a0af600763026-sock
java_class_path (initial): c:\Users\ashok\.vscode\extensions\redhat.java-1.55.0-win32-x64\server\plugins\org.eclipse.equinox.launcher_1.7.200.v20260619-2039.jar
Launcher Type: SUN_STANDARD

[Global flags]
    uintx AdaptiveSizePolicyWeight                 = 90                                        {product} {command line}
     intx CICompilerCount                          = 4                                         {product} {ergonomic}
    uintx GCTimeRatio                              = 4                                         {product} {command line}
     bool HeapDumpOnOutOfMemoryError               = true                                   {manageable} {command line}
    ccstr HeapDumpPath                             = c:\Users\ashok\AppData\Roaming\Code\User\workspaceStorage\f49809eafe7ac7954cc2c2667eb9384f\redhat.java         {manageable} {command line}
   size_t InitialHeapSize                          = 104857600                                 {product} {command line}
   size_t MaxHeapSize                              = 2147483648                                {product} {command line}
   size_t MaxNewSize                               = 715653120                                 {product} {ergonomic}
   size_t MinHeapDeltaBytes                        = 524288                                    {product} {ergonomic}
   size_t MinHeapSize                              = 104857600                                 {product} {command line}
   size_t NewSize                                  = 34603008                                  {product} {ergonomic}
    uintx NonNMethodCodeHeapSize                   = 5839372                                {pd product} {ergonomic}
    uintx NonProfiledCodeHeapSize                  = 122909434                              {pd product} {ergonomic}
   size_t OldSize                                  = 70254592                                  {product} {ergonomic}
    uintx ProfiledCodeHeapSize                     = 122909434                              {pd product} {ergonomic}
    uintx ReservedCodeCacheSize                    = 251658240                              {pd product} {ergonomic}
     bool SegmentedCodeCache                       = true                                      {product} {ergonomic}
   size_t SoftMaxHeapSize                          = 2147483648                             {manageable} {ergonomic}
     bool UseCompressedOops                        = true                           {product lp64_product} {ergonomic}
     bool UseLargePagesIndividualAllocation        = false                                  {pd product} {ergonomic}
     bool UseParallelGC                            = true                                      {product} {command line}

Logging:
Log output configuration:
 #0: stdout all=off uptime,level,tags foldmultilines=false
 #1: stderr all=off uptime,level,tags foldmultilines=false

Release file:
JAVA_VERSION="21.0.11" 
MODULES="java.base java.compiler java.datatransfer java.xml java.prefs java.desktop java.instrument java.logging java.management java.security.sasl java.naming java.rmi java.management.rmi java.net.http java.scripting java.security.jgss java.transaction.xa java.sql java.sql.rowset java.xml.crypto java.se java.smartcardio jdk.accessibility jdk.internal.jvmstat jdk.attach jdk.charsets jdk.internal.opt jdk.zipfs jdk.compiler jdk.crypto.ec jdk.crypto.cryptoki jdk.crypto.mscapi jdk.dynalink jdk.internal.ed jdk.editpad jdk.hotspot.agent jdk.httpserver jdk.internal.le jdk.internal.vm.ci jdk.internal.vm.compiler jdk.internal.vm.compiler.management jdk.jartool jdk.javadoc jdk.jcmd jdk.management jdk.management.agent jdk.jconsole jdk.jdeps jdk.jdwp.agent jdk.jdi jdk.jfr jdk.jshell jdk.jsobject jdk.jstatd jdk.localedata jdk.management.jfr jdk.naming.dns jdk.naming.rmi jdk.net jdk.nio.mapmode jdk.random jdk.sctp jdk.security.auth jdk.security.jgss jdk.unsupported jdk.unsupported.desktop jdk.xml.dom" 

Environment Variables:
JAVA_HOME=C:\Program Files\Java\jdk-26.0.1
PATH=C:\Program Files\Common Files\Oracle\Java\javapath;C:\Program Files (x86)\Common Files\Oracle\Java\java8path;C:\Program Files (x86)\Common Files\Oracle\Java\javapath;C:\apache-maven-3.9.16-bin\apache-maven-3.9.16\bin;C:\WINDOWS\system32;C:\WINDOWS;C:\WINDOWS\System32\Wbem;C:\WINDOWS\System32\WindowsPowerShell\v1.0\;C:\WINDOWS\System32\OpenSSH\;C:\Program Files\dotnet\;C:\Program Files\nodejs\;C:\\Program Files\\gs\\gs10.07.1\\bin;C:\Program Files\Git\cmd;C:\Program Files\MySQL\MySQL Shell 8.0\bin\;C:\Users\ashok\AppData\Local\Microsoft\WindowsApps;C:\Users\ashok\AppData\Local\Programs\Microsoft VS Code\bin;C:\Users\ashok\AppData\Roaming\npm;C:\apache-maven-3.9.16-bin\apache-maven-3.9.16\bin;;C:\Users\ashok\AppData\Local\Programs\DockerDesktop\resources\bin
USERNAME=ashok
OS=Windows_NT
PROCESSOR_IDENTIFIER=Intel64 Family 6 Model 140 Stepping 1, GenuineIntel
TMP=C:\Users\ashok\AppData\Local\Temp
TEMP=C:\Users\ashok\AppData\Local\Temp




Periodic native trim disabled

---------------  S Y S T E M  ---------------

OS:
 Windows 11 , 64 bit Build 26100 (10.0.26100.8972)
OS uptime: 5 days 6:52 hours
Hyper-V role detected

CPU: total 8 (initial active 8) (4 cores per cpu, 2 threads per core) family 6 model 140 stepping 1 microcode 0xbe, cx8, cmov, fxsr, ht, mmx, 3dnowpref, sse, sse2, sse3, ssse3, sse4.1, sse4.2, popcnt, lzcnt, tsc, tscinvbit, avx, avx2, aes, erms, clmul, bmi1, bmi2, adx, avx512f, avx512dq, avx512cd, avx512bw, avx512vl, sha, fma, vzeroupper, avx512_vpopcntdq, avx512_vpclmulqdq, avx512_vaes, avx512_vnni, clflush, clflushopt, clwb, avx512_vbmi2, avx512_vbmi, hv, rdtscp, rdpid, fsrm, gfni, avx512_bitalg, f16c, cet_ibt, cet_ss, avx512_ifma
Processor Information for the first 8 processors :
  Max Mhz: 2419, Current Mhz: 2419, Mhz Limit: 2419

Memory: 4k page, system-wide physical 7926M (190M free)
TotalPageFile size 27139M (AvailPageFile size 1M)
current process WorkingSet (physical memory assigned to process): 251M, peak: 252M
current process commit charge ("private bytes"): 336M, peak: 337M

vm_info: OpenJDK 64-Bit Server VM (21.0.11+10-LTS) for windows-amd64 JRE (21.0.11+10-LTS), built on 2026-04-21T00:00:00Z by "admin" with MS VC++ 17.12 (VS2022)

END.
